Calling `python -m mlx_lm.lora...` directly is deprecated. Use `mlx_lm.lora...` or `python -m mlx_lm lora ...` instead.
Loading pretrained model

Fetching 9 files:   0%|          | 0/9 [00:00<?, ?it/s]
Fetching 9 files: 100%|██████████| 9/9 [00:00<00:00, 4878.36it/s]
Loading datasets
Training
Trainable parameters: 0.484% (2.884M/596.050M)
Starting training..., iters: 288

Calculating loss...:   0%|          | 0/1 [00:00<?, ?it/s]
Calculating loss...: 100%|██████████| 1/1 [00:00<00:00, 10.90it/s]
Iter 1: Val loss 3.053, Val took 0.099s
Iter 1: Train loss 3.311, Learning Rate 1.000e-04, It/sec 6.864, Tokens/sec 212.776, Trained Tokens 31, Peak mem 1.315 GB
Iter 2: Train loss 3.431, Learning Rate 1.000e-04, It/sec 6.849, Tokens/sec 198.622, Trained Tokens 60, Peak mem 1.315 GB
Iter 3: Train loss 2.041, Learning Rate 1.000e-04, It/sec 5.480, Tokens/sec 268.512, Trained Tokens 109, Peak mem 1.461 GB
Iter 4: Train loss 0.894, Learning Rate 1.000e-04, It/sec 4.356, Tokens/sec 570.675, Trained Tokens 240, Peak mem 1.624 GB
Iter 5: Train loss 0.514, Learning Rate 1.000e-04, It/sec 4.795, Tokens/sec 628.149, Trained Tokens 371, Peak mem 1.739 GB
Iter 6: Train loss 0.819, Learning Rate 1.000e-04, It/sec 5.534, Tokens/sec 365.223, Trained Tokens 437, Peak mem 1.739 GB
Iter 7: Train loss 0.845, Learning Rate 1.000e-04, It/sec 6.154, Tokens/sec 313.867, Trained Tokens 488, Peak mem 1.739 GB
Iter 8: Train loss 1.115, Learning Rate 1.000e-04, It/sec 5.613, Tokens/sec 174.017, Trained Tokens 519, Peak mem 1.739 GB
Iter 9: Train loss 0.806, Learning Rate 1.000e-04, It/sec 5.756, Tokens/sec 293.546, Trained Tokens 570, Peak mem 1.739 GB
Iter 10: Train loss 0.520, Learning Rate 1.000e-04, It/sec 4.135, Tokens/sec 541.698, Trained Tokens 701, Peak mem 1.931 GB
Iter 11: Train loss 0.943, Learning Rate 1.000e-04, It/sec 6.705, Tokens/sec 207.854, Trained Tokens 732, Peak mem 1.931 GB
Iter 12: Train loss 0.815, Learning Rate 1.000e-04, It/sec 4.783, Tokens/sec 243.930, Trained Tokens 783, Peak mem 1.931 GB
Iter 13: Train loss 0.333, Learning Rate 1.000e-04, It/sec 6.223, Tokens/sec 186.702, Trained Tokens 813, Peak mem 1.931 GB
Iter 14: Train loss 0.408, Learning Rate 1.000e-04, It/sec 5.244, Tokens/sec 267.440, Trained Tokens 864, Peak mem 1.931 GB
Iter 15: Train loss 0.322, Learning Rate 1.000e-04, It/sec 6.786, Tokens/sec 210.370, Trained Tokens 895, Peak mem 1.931 GB
Iter 16: Train loss 0.322, Learning Rate 1.000e-04, It/sec 5.600, Tokens/sec 369.632, Trained Tokens 961, Peak mem 1.931 GB
Iter 17: Train loss 0.273, Learning Rate 1.000e-04, It/sec 6.790, Tokens/sec 203.699, Trained Tokens 991, Peak mem 1.931 GB
Iter 18: Train loss 0.392, Learning Rate 1.000e-04, It/sec 5.701, Tokens/sec 290.728, Trained Tokens 1042, Peak mem 1.931 GB
Iter 19: Train loss 0.346, Learning Rate 1.000e-04, It/sec 7.688, Tokens/sec 222.946, Trained Tokens 1071, Peak mem 1.931 GB
Iter 20: Train loss 0.299, Learning Rate 1.000e-04, It/sec 5.536, Tokens/sec 166.073, Trained Tokens 1101, Peak mem 1.931 GB
Iter 21: Train loss 0.174, Learning Rate 1.000e-04, It/sec 5.160, Tokens/sec 469.522, Trained Tokens 1192, Peak mem 1.931 GB
Iter 22: Train loss 0.203, Learning Rate 1.000e-04, It/sec 4.444, Tokens/sec 555.562, Trained Tokens 1317, Peak mem 1.931 GB
Iter 23: Train loss 0.246, Learning Rate 1.000e-04, It/sec 6.040, Tokens/sec 295.941, Trained Tokens 1366, Peak mem 1.931 GB
Iter 24: Train loss 0.122, Learning Rate 1.000e-04, It/sec 6.759, Tokens/sec 446.117, Trained Tokens 1432, Peak mem 1.931 GB
Iter 25: Train loss 0.376, Learning Rate 1.000e-04, It/sec 6.098, Tokens/sec 189.031, Trained Tokens 1463, Peak mem 1.931 GB
Iter 26: Train loss 0.166, Learning Rate 1.000e-04, It/sec 6.006, Tokens/sec 300.302, Trained Tokens 1513, Peak mem 1.931 GB
Iter 27: Train loss 0.137, Learning Rate 1.000e-04, It/sec 5.660, Tokens/sec 515.053, Trained Tokens 1604, Peak mem 1.931 GB
Iter 28: Train loss 0.315, Learning Rate 1.000e-04, It/sec 4.818, Tokens/sec 149.350, Trained Tokens 1635, Peak mem 1.931 GB
Iter 29: Train loss 0.156, Learning Rate 1.000e-04, It/sec 6.829, Tokens/sec 320.984, Trained Tokens 1682, Peak mem 1.931 GB
Iter 30: Train loss 0.129, Learning Rate 1.000e-04, It/sec 7.462, Tokens/sec 231.309, Trained Tokens 1713, Peak mem 1.931 GB
Iter 31: Train loss 0.127, Learning Rate 1.000e-04, It/sec 6.834, Tokens/sec 348.519, Trained Tokens 1764, Peak mem 1.931 GB
Iter 32: Train loss 0.082, Learning Rate 1.000e-04, It/sec 6.549, Tokens/sec 334.023, Trained Tokens 1815, Peak mem 1.931 GB
Iter 33: Train loss 0.174, Learning Rate 1.000e-04, It/sec 4.760, Tokens/sec 337.976, Trained Tokens 1886, Peak mem 1.931 GB
Iter 34: Train loss 0.142, Learning Rate 1.000e-04, It/sec 6.657, Tokens/sec 199.715, Trained Tokens 1916, Peak mem 1.931 GB
Iter 35: Train loss 0.123, Learning Rate 1.000e-04, It/sec 7.457, Tokens/sec 223.702, Trained Tokens 1946, Peak mem 1.931 GB
Iter 36: Train loss 0.096, Learning Rate 1.000e-04, It/sec 6.747, Tokens/sec 209.163, Trained Tokens 1977, Peak mem 1.931 GB
Iter 37: Train loss 0.213, Learning Rate 1.000e-04, It/sec 6.806, Tokens/sec 347.103, Trained Tokens 2028, Peak mem 1.931 GB
Iter 38: Train loss 0.335, Learning Rate 1.000e-04, It/sec 4.830, Tokens/sec 420.251, Trained Tokens 2115, Peak mem 1.931 GB
Iter 39: Train loss 0.211, Learning Rate 1.000e-04, It/sec 4.656, Tokens/sec 609.959, Trained Tokens 2246, Peak mem 1.931 GB
Iter 40: Train loss 0.209, Learning Rate 1.000e-04, It/sec 5.986, Tokens/sec 293.293, Trained Tokens 2295, Peak mem 1.931 GB
Iter 41: Train loss 0.259, Learning Rate 1.000e-04, It/sec 6.815, Tokens/sec 347.560, Trained Tokens 2346, Peak mem 1.931 GB
Iter 42: Train loss 0.095, Learning Rate 1.000e-04, It/sec 5.579, Tokens/sec 172.946, Trained Tokens 2377, Peak mem 1.931 GB
Iter 43: Train loss 0.201, Learning Rate 1.000e-04, It/sec 4.759, Tokens/sec 528.250, Trained Tokens 2488, Peak mem 1.931 GB
Iter 44: Train loss 0.116, Learning Rate 1.000e-04, It/sec 4.304, Tokens/sec 538.003, Trained Tokens 2613, Peak mem 1.931 GB
Iter 45: Train loss 0.123, Learning Rate 1.000e-04, It/sec 5.657, Tokens/sec 169.714, Trained Tokens 2643, Peak mem 1.931 GB
Iter 46: Train loss 0.301, Learning Rate 1.000e-04, It/sec 6.095, Tokens/sec 292.575, Trained Tokens 2691, Peak mem 1.931 GB
Iter 47: Train loss 0.145, Learning Rate 1.000e-04, It/sec 6.075, Tokens/sec 431.329, Trained Tokens 2762, Peak mem 1.931 GB
Iter 48: Train loss 0.183, Learning Rate 1.000e-04, It/sec 6.040, Tokens/sec 295.944, Trained Tokens 2811, Peak mem 1.931 GB
Iter 49: Train loss 0.100, Learning Rate 1.000e-04, It/sec 6.133, Tokens/sec 190.132, Trained Tokens 2842, Peak mem 1.931 GB
Iter 50: Train loss 0.084, Learning Rate 1.000e-04, It/sec 6.677, Tokens/sec 200.307, Trained Tokens 2872, Peak mem 1.931 GB
Iter 51: Train loss 0.221, Learning Rate 1.000e-04, It/sec 6.091, Tokens/sec 432.452, Trained Tokens 2943, Peak mem 1.931 GB
Iter 52: Train loss 0.212, Learning Rate 1.000e-04, It/sec 5.668, Tokens/sec 164.376, Trained Tokens 2972, Peak mem 1.931 GB
Iter 53: Train loss 0.346, Learning Rate 1.000e-04, It/sec 5.983, Tokens/sec 424.806, Trained Tokens 3043, Peak mem 1.931 GB
Iter 54: Train loss 0.067, Learning Rate 1.000e-04, It/sec 5.982, Tokens/sec 179.450, Trained Tokens 3073, Peak mem 1.931 GB
Iter 55: Train loss 0.099, Learning Rate 1.000e-04, It/sec 6.283, Tokens/sec 188.504, Trained Tokens 3103, Peak mem 1.931 GB
Iter 56: Train loss 0.279, Learning Rate 1.000e-04, It/sec 5.410, Tokens/sec 254.263, Trained Tokens 3150, Peak mem 1.931 GB
Iter 57: Train loss 0.229, Learning Rate 1.000e-04, It/sec 5.121, Tokens/sec 363.596, Trained Tokens 3221, Peak mem 1.931 GB
Iter 58: Train loss 0.166, Learning Rate 1.000e-04, It/sec 6.760, Tokens/sec 344.767, Trained Tokens 3272, Peak mem 1.931 GB
Iter 59: Train loss 0.268, Learning Rate 1.000e-04, It/sec 5.481, Tokens/sec 717.983, Trained Tokens 3403, Peak mem 1.931 GB
Iter 60: Train loss 0.351, Learning Rate 1.000e-04, It/sec 6.016, Tokens/sec 306.822, Trained Tokens 3454, Peak mem 1.931 GB
Iter 61: Train loss 0.193, Learning Rate 1.000e-04, It/sec 5.630, Tokens/sec 287.133, Trained Tokens 3505, Peak mem 1.931 GB
Iter 62: Train loss 0.255, Learning Rate 1.000e-04, It/sec 4.843, Tokens/sec 537.619, Trained Tokens 3616, Peak mem 1.931 GB
Iter 63: Train loss 0.075, Learning Rate 1.000e-04, It/sec 5.144, Tokens/sec 159.450, Trained Tokens 3647, Peak mem 1.931 GB
Iter 64: Train loss 0.069, Learning Rate 1.000e-04, It/sec 5.494, Tokens/sec 164.820, Trained Tokens 3677, Peak mem 1.931 GB
Iter 65: Train loss 0.122, Learning Rate 1.000e-04, It/sec 6.796, Tokens/sec 210.681, Trained Tokens 3708, Peak mem 1.931 GB
Iter 66: Train loss 0.104, Learning Rate 1.000e-04, It/sec 7.517, Tokens/sec 233.029, Trained Tokens 3739, Peak mem 1.931 GB
Iter 67: Train loss 0.114, Learning Rate 1.000e-04, It/sec 6.853, Tokens/sec 212.440, Trained Tokens 3770, Peak mem 1.931 GB
Iter 68: Train loss 0.116, Learning Rate 1.000e-04, It/sec 7.335, Tokens/sec 374.063, Trained Tokens 3821, Peak mem 1.931 GB
Iter 69: Train loss 0.143, Learning Rate 1.000e-04, It/sec 6.179, Tokens/sec 191.563, Trained Tokens 3852, Peak mem 1.931 GB
Iter 70: Train loss 0.106, Learning Rate 1.000e-04, It/sec 7.474, Tokens/sec 224.212, Trained Tokens 3882, Peak mem 1.931 GB
Iter 71: Train loss 0.180, Learning Rate 1.000e-04, It/sec 6.117, Tokens/sec 287.514, Trained Tokens 3929, Peak mem 1.931 GB
Iter 72: Train loss 0.126, Learning Rate 1.000e-04, It/sec 6.044, Tokens/sec 181.319, Trained Tokens 3959, Peak mem 1.931 GB
Iter 73: Train loss 0.090, Learning Rate 1.000e-04, It/sec 6.814, Tokens/sec 197.595, Trained Tokens 3988, Peak mem 1.931 GB
Iter 74: Train loss 0.119, Learning Rate 1.000e-04, It/sec 5.023, Tokens/sec 457.122, Trained Tokens 4079, Peak mem 1.931 GB
Iter 75: Train loss 0.205, Learning Rate 1.000e-04, It/sec 6.784, Tokens/sec 345.995, Trained Tokens 4130, Peak mem 1.931 GB
Iter 76: Train loss 0.068, Learning Rate 1.000e-04, It/sec 7.340, Tokens/sec 220.199, Trained Tokens 4160, Peak mem 1.931 GB
Iter 77: Train loss 0.111, Learning Rate 1.000e-04, It/sec 5.632, Tokens/sec 512.553, Trained Tokens 4251, Peak mem 1.931 GB
Iter 78: Train loss 0.054, Learning Rate 1.000e-04, It/sec 7.394, Tokens/sec 229.227, Trained Tokens 4282, Peak mem 1.931 GB
Iter 79: Train loss 0.147, Learning Rate 1.000e-04, It/sec 3.858, Tokens/sec 482.256, Trained Tokens 4407, Peak mem 1.931 GB
Iter 80: Train loss 0.161, Learning Rate 1.000e-04, It/sec 4.445, Tokens/sec 471.162, Trained Tokens 4513, Peak mem 1.931 GB
Iter 81: Train loss 0.162, Learning Rate 1.000e-04, It/sec 5.990, Tokens/sec 293.512, Trained Tokens 4562, Peak mem 1.931 GB
Iter 82: Train loss 0.107, Learning Rate 1.000e-04, It/sec 5.126, Tokens/sec 251.188, Trained Tokens 4611, Peak mem 1.931 GB
Iter 83: Train loss 0.251, Learning Rate 1.000e-04, It/sec 5.950, Tokens/sec 303.458, Trained Tokens 4662, Peak mem 1.931 GB
Iter 84: Train loss 0.048, Learning Rate 1.000e-04, It/sec 6.573, Tokens/sec 203.753, Trained Tokens 4693, Peak mem 1.931 GB
Iter 85: Train loss 0.102, Learning Rate 1.000e-04, It/sec 5.247, Tokens/sec 687.366, Trained Tokens 4824, Peak mem 1.931 GB
Iter 86: Train loss 0.083, Learning Rate 1.000e-04, It/sec 6.812, Tokens/sec 197.535, Trained Tokens 4853, Peak mem 1.931 GB
Iter 87: Train loss 0.095, Learning Rate 1.000e-04, It/sec 5.149, Tokens/sec 674.571, Trained Tokens 4984, Peak mem 1.931 GB
Iter 88: Train loss 0.100, Learning Rate 1.000e-04, It/sec 6.155, Tokens/sec 190.791, Trained Tokens 5015, Peak mem 1.931 GB
Iter 89: Train loss 0.058, Learning Rate 1.000e-04, It/sec 7.510, Tokens/sec 225.287, Trained Tokens 5045, Peak mem 1.931 GB
Iter 90: Train loss 0.051, Learning Rate 1.000e-04, It/sec 6.831, Tokens/sec 211.754, Trained Tokens 5076, Peak mem 1.931 GB
Iter 91: Train loss 0.161, Learning Rate 1.000e-04, It/sec 4.747, Tokens/sec 621.909, Trained Tokens 5207, Peak mem 1.931 GB
Iter 92: Train loss 0.116, Learning Rate 1.000e-04, It/sec 4.979, Tokens/sec 253.921, Trained Tokens 5258, Peak mem 1.931 GB
Iter 93: Train loss 0.168, Learning Rate 1.000e-04, It/sec 6.829, Tokens/sec 348.275, Trained Tokens 5309, Peak mem 1.931 GB
Iter 94: Train loss 0.137, Learning Rate 1.000e-04, It/sec 5.175, Tokens/sec 470.952, Trained Tokens 5400, Peak mem 1.931 GB
Iter 95: Train loss 0.115, Learning Rate 1.000e-04, It/sec 5.529, Tokens/sec 270.905, Trained Tokens 5449, Peak mem 1.931 GB
Iter 96: Train loss 0.053, Learning Rate 1.000e-04, It/sec 7.382, Tokens/sec 221.467, Trained Tokens 5479, Peak mem 1.931 GB
Iter 97: Train loss 0.044, Learning Rate 1.000e-04, It/sec 6.707, Tokens/sec 201.222, Trained Tokens 5509, Peak mem 1.931 GB
Iter 98: Train loss 0.054, Learning Rate 1.000e-04, It/sec 6.125, Tokens/sec 300.124, Trained Tokens 5558, Peak mem 1.931 GB
Iter 99: Train loss 0.061, Learning Rate 1.000e-04, It/sec 6.135, Tokens/sec 300.635, Trained Tokens 5607, Peak mem 1.931 GB
Iter 100: Train loss 0.108, Learning Rate 1.000e-04, It/sec 4.914, Tokens/sec 447.143, Trained Tokens 5698, Peak mem 1.931 GB
Iter 101: Train loss 0.259, Learning Rate 1.000e-04, It/sec 6.083, Tokens/sec 285.924, Trained Tokens 5745, Peak mem 1.931 GB
Iter 102: Train loss 0.081, Learning Rate 1.000e-04, It/sec 5.121, Tokens/sec 261.183, Trained Tokens 5796, Peak mem 1.931 GB
Iter 103: Train loss 0.152, Learning Rate 1.000e-04, It/sec 4.897, Tokens/sec 323.169, Trained Tokens 5862, Peak mem 1.931 GB
Iter 104: Train loss 0.243, Learning Rate 1.000e-04, It/sec 6.042, Tokens/sec 187.291, Trained Tokens 5893, Peak mem 1.931 GB
Iter 105: Train loss 0.125, Learning Rate 1.000e-04, It/sec 6.053, Tokens/sec 399.523, Trained Tokens 5959, Peak mem 1.931 GB
Iter 106: Train loss 0.168, Learning Rate 1.000e-04, It/sec 6.009, Tokens/sec 426.636, Trained Tokens 6030, Peak mem 1.931 GB
Iter 107: Train loss 0.062, Learning Rate 1.000e-04, It/sec 6.042, Tokens/sec 296.040, Trained Tokens 6079, Peak mem 1.931 GB
Iter 108: Train loss 0.106, Learning Rate 1.000e-04, It/sec 6.730, Tokens/sec 208.640, Trained Tokens 6110, Peak mem 1.931 GB
Iter 109: Train loss 0.068, Learning Rate 1.000e-04, It/sec 7.445, Tokens/sec 230.797, Trained Tokens 6141, Peak mem 1.931 GB
Iter 110: Train loss 0.160, Learning Rate 1.000e-04, It/sec 5.976, Tokens/sec 304.776, Trained Tokens 6192, Peak mem 1.931 GB
Iter 111: Train loss 0.106, Learning Rate 1.000e-04, It/sec 5.612, Tokens/sec 286.229, Trained Tokens 6243, Peak mem 1.931 GB
Iter 112: Train loss 0.054, Learning Rate 1.000e-04, It/sec 6.018, Tokens/sec 186.571, Trained Tokens 6274, Peak mem 1.931 GB
Iter 113: Train loss 0.057, Learning Rate 1.000e-04, It/sec 6.766, Tokens/sec 209.733, Trained Tokens 6305, Peak mem 1.931 GB
Iter 114: Train loss 0.108, Learning Rate 1.000e-04, It/sec 6.822, Tokens/sec 204.666, Trained Tokens 6335, Peak mem 1.931 GB
Iter 115: Train loss 0.065, Learning Rate 1.000e-04, It/sec 7.451, Tokens/sec 223.524, Trained Tokens 6365, Peak mem 1.931 GB
Iter 116: Train loss 0.062, Learning Rate 1.000e-04, It/sec 6.541, Tokens/sec 196.215, Trained Tokens 6395, Peak mem 1.931 GB
Iter 117: Train loss 0.049, Learning Rate 1.000e-04, It/sec 6.855, Tokens/sec 212.506, Trained Tokens 6426, Peak mem 1.931 GB
Iter 118: Train loss 0.116, Learning Rate 1.000e-04, It/sec 6.046, Tokens/sec 302.297, Trained Tokens 6476, Peak mem 1.931 GB
Iter 119: Train loss 0.028, Learning Rate 1.000e-04, It/sec 7.346, Tokens/sec 220.394, Trained Tokens 6506, Peak mem 1.931 GB
Iter 120: Train loss 0.140, Learning Rate 1.000e-04, It/sec 6.020, Tokens/sec 294.990, Trained Tokens 6555, Peak mem 1.931 GB
Iter 121: Train loss 0.109, Learning Rate 1.000e-04, It/sec 5.636, Tokens/sec 174.704, Trained Tokens 6586, Peak mem 1.931 GB
Iter 122: Train loss 0.056, Learning Rate 1.000e-04, It/sec 7.394, Tokens/sec 229.212, Trained Tokens 6617, Peak mem 1.931 GB
Iter 123: Train loss 0.206, Learning Rate 1.000e-04, It/sec 5.156, Tokens/sec 448.551, Trained Tokens 6704, Peak mem 1.931 GB
Iter 124: Train loss 0.152, Learning Rate 1.000e-04, It/sec 6.726, Tokens/sec 343.037, Trained Tokens 6755, Peak mem 1.931 GB
Iter 125: Train loss 0.017, Learning Rate 1.000e-04, It/sec 7.479, Tokens/sec 224.358, Trained Tokens 6785, Peak mem 1.931 GB
Iter 126: Train loss 0.108, Learning Rate 1.000e-04, It/sec 5.686, Tokens/sec 278.632, Trained Tokens 6834, Peak mem 1.931 GB
Iter 127: Train loss 0.014, Learning Rate 1.000e-04, It/sec 7.405, Tokens/sec 222.150, Trained Tokens 6864, Peak mem 1.931 GB
Iter 128: Train loss 0.159, Learning Rate 1.000e-04, It/sec 6.030, Tokens/sec 186.939, Trained Tokens 6895, Peak mem 1.931 GB
Iter 129: Train loss 0.283, Learning Rate 1.000e-04, It/sec 6.144, Tokens/sec 301.079, Trained Tokens 6944, Peak mem 1.931 GB
Iter 130: Train loss 0.129, Learning Rate 1.000e-04, It/sec 7.441, Tokens/sec 223.245, Trained Tokens 6974, Peak mem 1.931 GB
Iter 131: Train loss 0.190, Learning Rate 1.000e-04, It/sec 5.647, Tokens/sec 739.810, Trained Tokens 7105, Peak mem 1.931 GB
Iter 132: Train loss 0.272, Learning Rate 1.000e-04, It/sec 4.905, Tokens/sec 152.059, Trained Tokens 7136, Peak mem 1.931 GB
Iter 133: Train loss 0.208, Learning Rate 1.000e-04, It/sec 7.403, Tokens/sec 229.491, Trained Tokens 7167, Peak mem 1.931 GB
Iter 134: Train loss 0.139, Learning Rate 1.000e-04, It/sec 5.608, Tokens/sec 398.167, Trained Tokens 7238, Peak mem 1.931 GB
Iter 135: Train loss 0.029, Learning Rate 1.000e-04, It/sec 6.825, Tokens/sec 211.588, Trained Tokens 7269, Peak mem 1.931 GB
Iter 136: Train loss 0.131, Learning Rate 1.000e-04, It/sec 7.299, Tokens/sec 372.233, Trained Tokens 7320, Peak mem 1.931 GB
Iter 137: Train loss 0.098, Learning Rate 1.000e-04, It/sec 5.047, Tokens/sec 459.286, Trained Tokens 7411, Peak mem 1.931 GB
Iter 138: Train loss 0.125, Learning Rate 1.000e-04, It/sec 4.745, Tokens/sec 621.655, Trained Tokens 7542, Peak mem 1.931 GB
Iter 139: Train loss 0.153, Learning Rate 1.000e-04, It/sec 4.145, Tokens/sec 439.327, Trained Tokens 7648, Peak mem 1.931 GB
Iter 140: Train loss 0.037, Learning Rate 1.000e-04, It/sec 6.506, Tokens/sec 195.190, Trained Tokens 7678, Peak mem 1.931 GB
Iter 141: Train loss 0.145, Learning Rate 1.000e-04, It/sec 5.316, Tokens/sec 271.126, Trained Tokens 7729, Peak mem 1.931 GB
Iter 142: Train loss 0.148, Learning Rate 1.000e-04, It/sec 5.606, Tokens/sec 285.910, Trained Tokens 7780, Peak mem 1.931 GB
Iter 143: Train loss 0.087, Learning Rate 1.000e-04, It/sec 5.537, Tokens/sec 166.101, Trained Tokens 7810, Peak mem 1.931 GB
Iter 144: Train loss 0.056, Learning Rate 1.000e-04, It/sec 7.271, Tokens/sec 218.137, Trained Tokens 7840, Peak mem 1.931 GB
Iter 145: Train loss 0.088, Learning Rate 1.000e-04, It/sec 6.695, Tokens/sec 341.456, Trained Tokens 7891, Peak mem 1.931 GB
Iter 146: Train loss 0.211, Learning Rate 1.000e-04, It/sec 6.125, Tokens/sec 434.910, Trained Tokens 7962, Peak mem 1.931 GB
Iter 147: Train loss 0.075, Learning Rate 1.000e-04, It/sec 5.552, Tokens/sec 505.226, Trained Tokens 8053, Peak mem 1.931 GB
Iter 148: Train loss 0.117, Learning Rate 1.000e-04, It/sec 7.297, Tokens/sec 211.609, Trained Tokens 8082, Peak mem 1.931 GB
Iter 149: Train loss 0.204, Learning Rate 1.000e-04, It/sec 7.678, Tokens/sec 222.655, Trained Tokens 8111, Peak mem 1.931 GB
Iter 150: Train loss 0.088, Learning Rate 1.000e-04, It/sec 5.167, Tokens/sec 470.208, Trained Tokens 8202, Peak mem 1.931 GB
Iter 151: Train loss 0.065, Learning Rate 1.000e-04, It/sec 7.440, Tokens/sec 230.630, Trained Tokens 8233, Peak mem 1.931 GB
Iter 152: Train loss 0.113, Learning Rate 1.000e-04, It/sec 5.991, Tokens/sec 281.584, Trained Tokens 8280, Peak mem 1.931 GB
Iter 153: Train loss 0.139, Learning Rate 1.000e-04, It/sec 6.041, Tokens/sec 308.099, Trained Tokens 8331, Peak mem 1.931 GB
Iter 154: Train loss 0.060, Learning Rate 1.000e-04, It/sec 6.810, Tokens/sec 347.299, Trained Tokens 8382, Peak mem 1.931 GB
Iter 155: Train loss 0.098, Learning Rate 1.000e-04, It/sec 5.122, Tokens/sec 640.242, Trained Tokens 8507, Peak mem 1.931 GB
Iter 156: Train loss 0.148, Learning Rate 1.000e-04, It/sec 3.970, Tokens/sec 440.656, Trained Tokens 8618, Peak mem 1.931 GB
Iter 157: Train loss 0.044, Learning Rate 1.000e-04, It/sec 7.359, Tokens/sec 228.125, Trained Tokens 8649, Peak mem 1.931 GB
Iter 158: Train loss 0.121, Learning Rate 1.000e-04, It/sec 6.150, Tokens/sec 436.620, Trained Tokens 8720, Peak mem 1.931 GB
Iter 159: Train loss 0.052, Learning Rate 1.000e-04, It/sec 5.543, Tokens/sec 166.303, Trained Tokens 8750, Peak mem 1.931 GB
Iter 160: Train loss 0.109, Learning Rate 1.000e-04, It/sec 5.993, Tokens/sec 395.549, Trained Tokens 8816, Peak mem 1.931 GB
Iter 161: Train loss 0.074, Learning Rate 1.000e-04, It/sec 6.853, Tokens/sec 349.507, Trained Tokens 8867, Peak mem 1.931 GB
Iter 162: Train loss 0.043, Learning Rate 1.000e-04, It/sec 7.355, Tokens/sec 213.284, Trained Tokens 8896, Peak mem 1.931 GB
Iter 163: Train loss 0.073, Learning Rate 1.000e-04, It/sec 4.804, Tokens/sec 629.286, Trained Tokens 9027, Peak mem 1.931 GB
Iter 164: Train loss 0.122, Learning Rate 1.000e-04, It/sec 4.738, Tokens/sec 592.227, Trained Tokens 9152, Peak mem 1.931 GB
Iter 165: Train loss 0.090, Learning Rate 1.000e-04, It/sec 5.660, Tokens/sec 169.804, Trained Tokens 9182, Peak mem 1.931 GB
Iter 166: Train loss 0.078, Learning Rate 1.000e-04, It/sec 6.822, Tokens/sec 347.914, Trained Tokens 9233, Peak mem 1.931 GB
Iter 167: Train loss 0.134, Learning Rate 1.000e-04, It/sec 7.463, Tokens/sec 231.349, Trained Tokens 9264, Peak mem 1.931 GB
Iter 168: Train loss 0.059, Learning Rate 1.000e-04, It/sec 6.747, Tokens/sec 209.142, Trained Tokens 9295, Peak mem 1.931 GB
Iter 169: Train loss 0.094, Learning Rate 1.000e-04, It/sec 5.135, Tokens/sec 672.624, Trained Tokens 9426, Peak mem 1.931 GB
Iter 170: Train loss 0.150, Learning Rate 1.000e-04, It/sec 5.605, Tokens/sec 285.838, Trained Tokens 9477, Peak mem 1.931 GB
Iter 171: Train loss 0.061, Learning Rate 1.000e-04, It/sec 6.837, Tokens/sec 198.268, Trained Tokens 9506, Peak mem 1.931 GB
Iter 172: Train loss 0.093, Learning Rate 1.000e-04, It/sec 6.664, Tokens/sec 339.866, Trained Tokens 9557, Peak mem 1.931 GB
Iter 173: Train loss 0.056, Learning Rate 1.000e-04, It/sec 5.149, Tokens/sec 252.295, Trained Tokens 9606, Peak mem 1.931 GB
Iter 174: Train loss 0.167, Learning Rate 1.000e-04, It/sec 6.058, Tokens/sec 290.808, Trained Tokens 9654, Peak mem 1.931 GB
Iter 175: Train loss 0.113, Learning Rate 1.000e-04, It/sec 5.103, Tokens/sec 668.511, Trained Tokens 9785, Peak mem 1.931 GB
Iter 176: Train loss 0.021, Learning Rate 1.000e-04, It/sec 5.952, Tokens/sec 178.562, Trained Tokens 9815, Peak mem 1.931 GB
Iter 177: Train loss 0.129, Learning Rate 1.000e-04, It/sec 6.055, Tokens/sec 308.820, Trained Tokens 9866, Peak mem 1.931 GB
Iter 178: Train loss 0.053, Learning Rate 1.000e-04, It/sec 6.758, Tokens/sec 195.996, Trained Tokens 9895, Peak mem 1.931 GB
Iter 179: Train loss 0.066, Learning Rate 1.000e-04, It/sec 5.001, Tokens/sec 655.090, Trained Tokens 10026, Peak mem 1.931 GB
Iter 180: Train loss 0.072, Learning Rate 1.000e-04, It/sec 5.439, Tokens/sec 494.908, Trained Tokens 10117, Peak mem 1.931 GB
Iter 181: Train loss 0.105, Learning Rate 1.000e-04, It/sec 4.489, Tokens/sec 561.185, Trained Tokens 10242, Peak mem 1.931 GB
Iter 182: Train loss 0.057, Learning Rate 1.000e-04, It/sec 6.799, Tokens/sec 203.968, Trained Tokens 10272, Peak mem 1.931 GB
Iter 183: Train loss 0.158, Learning Rate 1.000e-04, It/sec 6.097, Tokens/sec 189.009, Trained Tokens 10303, Peak mem 1.931 GB
Iter 184: Train loss 0.080, Learning Rate 1.000e-04, It/sec 5.106, Tokens/sec 362.552, Trained Tokens 10374, Peak mem 1.931 GB
Iter 185: Train loss 0.066, Learning Rate 1.000e-04, It/sec 5.815, Tokens/sec 180.276, Trained Tokens 10405, Peak mem 1.931 GB
Iter 186: Train loss 0.081, Learning Rate 1.000e-04, It/sec 4.466, Tokens/sec 584.990, Trained Tokens 10536, Peak mem 1.931 GB
Iter 187: Train loss 0.118, Learning Rate 1.000e-04, It/sec 5.998, Tokens/sec 281.903, Trained Tokens 10583, Peak mem 1.931 GB
Iter 188: Train loss 0.115, Learning Rate 1.000e-04, It/sec 4.674, Tokens/sec 518.790, Trained Tokens 10694, Peak mem 1.931 GB
Iter 189: Train loss 0.123, Learning Rate 1.000e-04, It/sec 6.104, Tokens/sec 189.224, Trained Tokens 10725, Peak mem 1.931 GB
Iter 190: Train loss 0.048, Learning Rate 1.000e-04, It/sec 6.785, Tokens/sec 346.032, Trained Tokens 10776, Peak mem 1.931 GB
Iter 191: Train loss 0.078, Learning Rate 1.000e-04, It/sec 6.882, Tokens/sec 350.958, Trained Tokens 10827, Peak mem 1.931 GB
Iter 192: Train loss 0.106, Learning Rate 1.000e-04, It/sec 3.759, Tokens/sec 492.438, Trained Tokens 10958, Peak mem 1.931 GB
Iter 193: Train loss 0.049, Learning Rate 1.000e-04, It/sec 5.180, Tokens/sec 160.568, Trained Tokens 10989, Peak mem 1.931 GB
Iter 194: Train loss 0.036, Learning Rate 1.000e-04, It/sec 6.782, Tokens/sec 345.904, Trained Tokens 11040, Peak mem 1.931 GB
Iter 195: Train loss 0.074, Learning Rate 1.000e-04, It/sec 4.747, Tokens/sec 526.941, Trained Tokens 11151, Peak mem 1.931 GB
Iter 196: Train loss 0.063, Learning Rate 1.000e-04, It/sec 6.033, Tokens/sec 295.625, Trained Tokens 11200, Peak mem 1.931 GB
Iter 197: Train loss 0.073, Learning Rate 1.000e-04, It/sec 7.296, Tokens/sec 218.894, Trained Tokens 11230, Peak mem 1.931 GB
Iter 198: Train loss 0.103, Learning Rate 1.000e-04, It/sec 6.082, Tokens/sec 310.176, Trained Tokens 11281, Peak mem 1.931 GB
Iter 199: Train loss 0.092, Learning Rate 1.000e-04, It/sec 5.609, Tokens/sec 286.078, Trained Tokens 11332, Peak mem 1.931 GB

Calculating loss...:   0%|          | 0/1 [00:00<?, ?it/s]
Calculating loss...: 100%|██████████| 1/1 [00:00<00:00, 12.66it/s]
Iter 200: Val loss 0.056, Val took 0.081s
Iter 200: Train loss 0.058, Learning Rate 1.000e-04, It/sec 5.071, Tokens/sec 461.458, Trained Tokens 11423, Peak mem 1.931 GB
Iter 201: Train loss 0.035, Learning Rate 1.000e-04, It/sec 7.399, Tokens/sec 221.963, Trained Tokens 11453, Peak mem 1.931 GB
Iter 202: Train loss 0.091, Learning Rate 1.000e-04, It/sec 7.410, Tokens/sec 214.889, Trained Tokens 11482, Peak mem 1.931 GB
Iter 203: Train loss 0.057, Learning Rate 1.000e-04, It/sec 6.708, Tokens/sec 207.936, Trained Tokens 11513, Peak mem 1.931 GB
Iter 204: Train loss 0.055, Learning Rate 1.000e-04, It/sec 5.422, Tokens/sec 493.363, Trained Tokens 11604, Peak mem 1.931 GB
Iter 205: Train loss 0.020, Learning Rate 1.000e-04, It/sec 5.642, Tokens/sec 169.267, Trained Tokens 11634, Peak mem 1.931 GB
Iter 206: Train loss 0.188, Learning Rate 1.000e-04, It/sec 6.057, Tokens/sec 308.926, Trained Tokens 11685, Peak mem 1.931 GB
Iter 207: Train loss 0.025, Learning Rate 1.000e-04, It/sec 6.730, Tokens/sec 201.898, Trained Tokens 11715, Peak mem 1.931 GB
Iter 208: Train loss 0.048, Learning Rate 1.000e-04, It/sec 5.558, Tokens/sec 272.343, Trained Tokens 11764, Peak mem 1.931 GB
Iter 209: Train loss 0.154, Learning Rate 1.000e-04, It/sec 5.644, Tokens/sec 513.572, Trained Tokens 11855, Peak mem 1.931 GB
Iter 210: Train loss 0.118, Learning Rate 1.000e-04, It/sec 4.649, Tokens/sec 608.960, Trained Tokens 11986, Peak mem 1.931 GB
Iter 211: Train loss 0.060, Learning Rate 1.000e-04, It/sec 5.589, Tokens/sec 285.058, Trained Tokens 12037, Peak mem 1.931 GB
Iter 212: Train loss 0.023, Learning Rate 1.000e-04, It/sec 7.309, Tokens/sec 226.584, Trained Tokens 12068, Peak mem 1.931 GB
Iter 213: Train loss 0.154, Learning Rate 1.000e-04, It/sec 6.197, Tokens/sec 291.264, Trained Tokens 12115, Peak mem 1.931 GB
Iter 214: Train loss 0.064, Learning Rate 1.000e-04, It/sec 7.407, Tokens/sec 214.812, Trained Tokens 12144, Peak mem 1.931 GB
Iter 215: Train loss 0.013, Learning Rate 1.000e-04, It/sec 6.787, Tokens/sec 203.620, Trained Tokens 12174, Peak mem 1.931 GB
Iter 216: Train loss 0.050, Learning Rate 1.000e-04, It/sec 4.714, Tokens/sec 589.223, Trained Tokens 12299, Peak mem 1.931 GB
Iter 217: Train loss 0.036, Learning Rate 1.000e-04, It/sec 5.146, Tokens/sec 643.294, Trained Tokens 12424, Peak mem 1.931 GB
Iter 218: Train loss 0.037, Learning Rate 1.000e-04, It/sec 6.678, Tokens/sec 193.655, Trained Tokens 12453, Peak mem 1.931 GB
Iter 219: Train loss 0.043, Learning Rate 1.000e-04, It/sec 6.865, Tokens/sec 350.122, Trained Tokens 12504, Peak mem 1.931 GB
Iter 220: Train loss 0.023, Learning Rate 1.000e-04, It/sec 7.350, Tokens/sec 227.840, Trained Tokens 12535, Peak mem 1.931 GB
Iter 221: Train loss 0.063, Learning Rate 1.000e-04, It/sec 5.616, Tokens/sec 174.103, Trained Tokens 12566, Peak mem 1.931 GB
Iter 222: Train loss 0.068, Learning Rate 1.000e-04, It/sec 6.124, Tokens/sec 312.336, Trained Tokens 12617, Peak mem 1.931 GB
Iter 223: Train loss 0.091, Learning Rate 1.000e-04, It/sec 5.017, Tokens/sec 255.887, Trained Tokens 12668, Peak mem 1.931 GB
Iter 224: Train loss 0.018, Learning Rate 1.000e-04, It/sec 7.103, Tokens/sec 213.088, Trained Tokens 12698, Peak mem 1.931 GB
Iter 225: Train loss 0.250, Learning Rate 1.000e-04, It/sec 5.073, Tokens/sec 360.151, Trained Tokens 12769, Peak mem 1.931 GB
Iter 226: Train loss 0.026, Learning Rate 1.000e-04, It/sec 5.452, Tokens/sec 163.560, Trained Tokens 12799, Peak mem 1.931 GB
Iter 227: Train loss 0.035, Learning Rate 1.000e-04, It/sec 4.980, Tokens/sec 652.344, Trained Tokens 12930, Peak mem 1.931 GB
Iter 228: Train loss 0.042, Learning Rate 1.000e-04, It/sec 6.026, Tokens/sec 186.795, Trained Tokens 12961, Peak mem 1.931 GB
Iter 229: Train loss 0.054, Learning Rate 1.000e-04, It/sec 5.087, Tokens/sec 666.353, Trained Tokens 13092, Peak mem 1.931 GB
Iter 230: Train loss 0.010, Learning Rate 1.000e-04, It/sec 6.760, Tokens/sec 209.574, Trained Tokens 13123, Peak mem 1.931 GB
Iter 231: Train loss 0.018, Learning Rate 1.000e-04, It/sec 6.825, Tokens/sec 204.738, Trained Tokens 13153, Peak mem 1.931 GB
Iter 232: Train loss 0.104, Learning Rate 1.000e-04, It/sec 5.959, Tokens/sec 423.059, Trained Tokens 13224, Peak mem 1.931 GB
Iter 233: Train loss 0.143, Learning Rate 1.000e-04, It/sec 5.994, Tokens/sec 293.694, Trained Tokens 13273, Peak mem 1.931 GB
Iter 234: Train loss 0.090, Learning Rate 1.000e-04, It/sec 6.817, Tokens/sec 347.649, Trained Tokens 13324, Peak mem 1.931 GB
Iter 235: Train loss 0.078, Learning Rate 1.000e-04, It/sec 5.641, Tokens/sec 287.704, Trained Tokens 13375, Peak mem 1.931 GB
Iter 236: Train loss 0.071, Learning Rate 1.000e-04, It/sec 4.912, Tokens/sec 348.757, Trained Tokens 13446, Peak mem 1.931 GB
Iter 237: Train loss 0.049, Learning Rate 1.000e-04, It/sec 5.113, Tokens/sec 444.816, Trained Tokens 13533, Peak mem 1.931 GB
Iter 238: Train loss 0.058, Learning Rate 1.000e-04, It/sec 4.753, Tokens/sec 527.571, Trained Tokens 13644, Peak mem 1.931 GB
Iter 239: Train loss 0.062, Learning Rate 1.000e-04, It/sec 5.931, Tokens/sec 183.876, Trained Tokens 13675, Peak mem 1.931 GB
Iter 240: Train loss 0.171, Learning Rate 1.000e-04, It/sec 5.938, Tokens/sec 421.571, Trained Tokens 13746, Peak mem 1.931 GB
Iter 241: Train loss 0.143, Learning Rate 1.000e-04, It/sec 5.206, Tokens/sec 551.786, Trained Tokens 13852, Peak mem 1.931 GB
Iter 242: Train loss 0.045, Learning Rate 1.000e-04, It/sec 6.774, Tokens/sec 345.451, Trained Tokens 13903, Peak mem 1.931 GB
Iter 243: Train loss 0.057, Learning Rate 1.000e-04, It/sec 7.429, Tokens/sec 378.901, Trained Tokens 13954, Peak mem 1.931 GB
Iter 244: Train loss 0.060, Learning Rate 1.000e-04, It/sec 7.406, Tokens/sec 229.591, Trained Tokens 13985, Peak mem 1.931 GB
Iter 245: Train loss 0.061, Learning Rate 1.000e-04, It/sec 6.114, Tokens/sec 189.526, Trained Tokens 14016, Peak mem 1.931 GB
Iter 246: Train loss 0.108, Learning Rate 1.000e-04, It/sec 5.864, Tokens/sec 287.336, Trained Tokens 14065, Peak mem 1.931 GB
Iter 247: Train loss 0.075, Learning Rate 1.000e-04, It/sec 6.637, Tokens/sec 338.475, Trained Tokens 14116, Peak mem 1.931 GB
Iter 248: Train loss 0.038, Learning Rate 1.000e-04, It/sec 6.759, Tokens/sec 202.761, Trained Tokens 14146, Peak mem 1.931 GB
Iter 249: Train loss 0.043, Learning Rate 1.000e-04, It/sec 6.870, Tokens/sec 322.887, Trained Tokens 14193, Peak mem 1.931 GB
Iter 250: Train loss 0.059, Learning Rate 1.000e-04, It/sec 6.804, Tokens/sec 346.979, Trained Tokens 14244, Peak mem 1.931 GB
Iter 251: Train loss 0.043, Learning Rate 1.000e-04, It/sec 6.067, Tokens/sec 188.068, Trained Tokens 14275, Peak mem 1.931 GB
Iter 252: Train loss 0.185, Learning Rate 1.000e-04, It/sec 4.832, Tokens/sec 632.932, Trained Tokens 14406, Peak mem 1.931 GB
Iter 253: Train loss 0.046, Learning Rate 1.000e-04, It/sec 5.546, Tokens/sec 366.031, Trained Tokens 14472, Peak mem 1.931 GB
Iter 254: Train loss 0.041, Learning Rate 1.000e-04, It/sec 7.319, Tokens/sec 219.576, Trained Tokens 14502, Peak mem 1.931 GB
Iter 255: Train loss 0.059, Learning Rate 1.000e-04, It/sec 6.928, Tokens/sec 214.759, Trained Tokens 14533, Peak mem 1.931 GB
Iter 256: Train loss 0.067, Learning Rate 1.000e-04, It/sec 5.588, Tokens/sec 284.981, Trained Tokens 14584, Peak mem 1.931 GB
Iter 257: Train loss 0.051, Learning Rate 1.000e-04, It/sec 6.850, Tokens/sec 212.356, Trained Tokens 14615, Peak mem 1.931 GB
Iter 258: Train loss 0.037, Learning Rate 1.000e-04, It/sec 7.447, Tokens/sec 230.855, Trained Tokens 14646, Peak mem 1.931 GB
Iter 259: Train loss 0.065, Learning Rate 1.000e-04, It/sec 6.083, Tokens/sec 285.919, Trained Tokens 14693, Peak mem 1.931 GB
Iter 260: Train loss 0.067, Learning Rate 1.000e-04, It/sec 4.713, Tokens/sec 589.175, Trained Tokens 14818, Peak mem 1.931 GB
Iter 261: Train loss 0.111, Learning Rate 1.000e-04, It/sec 6.023, Tokens/sec 295.110, Trained Tokens 14867, Peak mem 1.931 GB
Iter 262: Train loss 0.031, Learning Rate 1.000e-04, It/sec 6.040, Tokens/sec 187.252, Trained Tokens 14898, Peak mem 1.931 GB
Iter 263: Train loss 0.112, Learning Rate 1.000e-04, It/sec 5.157, Tokens/sec 675.502, Trained Tokens 15029, Peak mem 1.931 GB
Iter 264: Train loss 0.038, Learning Rate 1.000e-04, It/sec 5.554, Tokens/sec 166.606, Trained Tokens 15059, Peak mem 1.931 GB
Iter 265: Train loss 0.065, Learning Rate 1.000e-04, It/sec 8.565, Tokens/sec 248.375, Trained Tokens 15088, Peak mem 1.931 GB
Iter 266: Train loss 0.006, Learning Rate 1.000e-04, It/sec 7.550, Tokens/sec 226.501, Trained Tokens 15118, Peak mem 1.931 GB
Iter 267: Train loss 0.113, Learning Rate 1.000e-04, It/sec 4.402, Tokens/sec 576.618, Trained Tokens 15249, Peak mem 1.931 GB
Iter 268: Train loss 0.044, Learning Rate 1.000e-04, It/sec 6.711, Tokens/sec 208.043, Trained Tokens 15280, Peak mem 1.931 GB
Iter 269: Train loss 0.032, Learning Rate 1.000e-04, It/sec 7.453, Tokens/sec 231.051, Trained Tokens 15311, Peak mem 1.931 GB
Iter 270: Train loss 0.041, Learning Rate 1.000e-04, It/sec 6.022, Tokens/sec 295.098, Trained Tokens 15360, Peak mem 1.931 GB
Iter 271: Train loss 0.098, Learning Rate 1.000e-04, It/sec 5.662, Tokens/sec 401.985, Trained Tokens 15431, Peak mem 1.931 GB
Iter 272: Train loss 0.013, Learning Rate 1.000e-04, It/sec 6.699, Tokens/sec 194.273, Trained Tokens 15460, Peak mem 1.931 GB
Iter 273: Train loss 0.311, Learning Rate 1.000e-04, It/sec 6.117, Tokens/sec 293.617, Trained Tokens 15508, Peak mem 1.931 GB
Iter 274: Train loss 0.004, Learning Rate 1.000e-04, It/sec 5.499, Tokens/sec 164.966, Trained Tokens 15538, Peak mem 1.931 GB
Iter 275: Train loss 0.053, Learning Rate 1.000e-04, It/sec 5.060, Tokens/sec 247.943, Trained Tokens 15587, Peak mem 1.931 GB
Iter 276: Train loss 0.090, Learning Rate 1.000e-04, It/sec 5.940, Tokens/sec 296.994, Trained Tokens 15637, Peak mem 1.931 GB
Iter 277: Train loss 0.007, Learning Rate 1.000e-04, It/sec 7.474, Tokens/sec 224.218, Trained Tokens 15667, Peak mem 1.931 GB
Iter 278: Train loss 0.081, Learning Rate 1.000e-04, It/sec 5.622, Tokens/sec 371.052, Trained Tokens 15733, Peak mem 1.931 GB
Iter 279: Train loss 0.028, Learning Rate 1.000e-04, It/sec 6.733, Tokens/sec 208.720, Trained Tokens 15764, Peak mem 1.931 GB
Iter 280: Train loss 0.101, Learning Rate 1.000e-04, It/sec 6.678, Tokens/sec 340.557, Trained Tokens 15815, Peak mem 1.931 GB
Iter 281: Train loss 0.096, Learning Rate 1.000e-04, It/sec 6.816, Tokens/sec 347.625, Trained Tokens 15866, Peak mem 1.931 GB
Iter 282: Train loss 0.061, Learning Rate 1.000e-04, It/sec 5.063, Tokens/sec 663.225, Trained Tokens 15997, Peak mem 1.931 GB
Iter 283: Train loss 0.009, Learning Rate 1.000e-04, It/sec 7.323, Tokens/sec 219.700, Trained Tokens 16027, Peak mem 1.931 GB
Iter 284: Train loss 0.087, Learning Rate 1.000e-04, It/sec 5.098, Tokens/sec 463.913, Trained Tokens 16118, Peak mem 1.931 GB
Iter 285: Train loss 0.073, Learning Rate 1.000e-04, It/sec 5.148, Tokens/sec 468.487, Trained Tokens 16209, Peak mem 1.931 GB
Iter 286: Train loss 0.058, Learning Rate 1.000e-04, It/sec 6.750, Tokens/sec 445.506, Trained Tokens 16275, Peak mem 1.931 GB
Iter 287: Train loss 0.078, Learning Rate 1.000e-04, It/sec 4.773, Tokens/sec 625.285, Trained Tokens 16406, Peak mem 1.931 GB

Calculating loss...:   0%|          | 0/1 [00:00<?, ?it/s]
Calculating loss...: 100%|██████████| 1/1 [00:00<00:00, 12.61it/s]
Iter 288: Val loss 0.022, Val took 0.082s
Iter 288: Train loss 0.015, Learning Rate 1.000e-04, It/sec 7.416, Tokens/sec 229.900, Trained Tokens 16437, Peak mem 1.931 GB
Iter 288: Saved adapter weights to artifacts/efficiency/n96/adapter/adapters.safetensors and artifacts/efficiency/n96/adapter/0000288_adapters.safetensors.
Saved final weights to artifacts/efficiency/n96/adapter/adapters.safetensors.
