Calling `python -m mlx_lm.lora...` directly is deprecated. Use `mlx_lm.lora...` or `python -m mlx_lm lora ...` instead.
Loading pretrained model

Fetching 9 files:   0%|          | 0/9 [00:00<?, ?it/s]
Fetching 9 files: 100%|██████████| 9/9 [00:00<00:00, 5113.62it/s]
Loading datasets
Training
Trainable parameters: 0.484% (2.884M/596.050M)
Starting training..., iters: 360

Calculating loss...:   0%|          | 0/1 [00:00<?, ?it/s]
Calculating loss...: 100%|██████████| 1/1 [00:00<00:00, 10.82it/s]
Iter 1: Val loss 3.053, Val took 0.103s
Iter 1: Train loss 3.035, Learning Rate 1.000e-04, It/sec 6.305, Tokens/sec 189.136, Trained Tokens 30, Peak mem 1.431 GB
Iter 2: Train loss 1.170, Learning Rate 1.000e-04, It/sec 5.390, Tokens/sec 415.027, Trained Tokens 107, Peak mem 1.431 GB
Iter 3: Train loss 1.991, Learning Rate 1.000e-04, It/sec 5.528, Tokens/sec 276.395, Trained Tokens 157, Peak mem 1.461 GB
Iter 4: Train loss 1.436, Learning Rate 1.000e-04, It/sec 5.032, Tokens/sec 357.262, Trained Tokens 228, Peak mem 1.461 GB
Iter 5: Train loss 0.863, Learning Rate 1.000e-04, It/sec 5.766, Tokens/sec 380.564, Trained Tokens 294, Peak mem 1.515 GB
Iter 6: Train loss 1.060, Learning Rate 1.000e-04, It/sec 6.268, Tokens/sec 319.671, Trained Tokens 345, Peak mem 1.515 GB
Iter 7: Train loss 0.922, Learning Rate 1.000e-04, It/sec 5.701, Tokens/sec 404.802, Trained Tokens 416, Peak mem 1.515 GB
Iter 8: Train loss 1.446, Learning Rate 1.000e-04, It/sec 5.106, Tokens/sec 158.273, Trained Tokens 447, Peak mem 1.515 GB
Iter 9: Train loss 0.470, Learning Rate 1.000e-04, It/sec 6.290, Tokens/sec 484.323, Trained Tokens 524, Peak mem 1.515 GB
Iter 10: Train loss 0.644, Learning Rate 1.000e-04, It/sec 6.620, Tokens/sec 205.232, Trained Tokens 555, Peak mem 1.515 GB
Iter 11: Train loss 0.584, Learning Rate 1.000e-04, It/sec 6.743, Tokens/sec 343.885, Trained Tokens 606, Peak mem 1.515 GB
Iter 12: Train loss 0.489, Learning Rate 1.000e-04, It/sec 3.978, Tokens/sec 497.266, Trained Tokens 731, Peak mem 1.752 GB
Iter 13: Train loss 0.213, Learning Rate 1.000e-04, It/sec 5.285, Tokens/sec 158.563, Trained Tokens 761, Peak mem 1.752 GB
Iter 14: Train loss 0.222, Learning Rate 1.000e-04, It/sec 5.259, Tokens/sec 163.041, Trained Tokens 792, Peak mem 1.752 GB
Iter 15: Train loss 0.282, Learning Rate 1.000e-04, It/sec 7.317, Tokens/sec 212.198, Trained Tokens 821, Peak mem 1.752 GB
Iter 16: Train loss 0.240, Learning Rate 1.000e-04, It/sec 3.811, Tokens/sec 499.247, Trained Tokens 952, Peak mem 1.752 GB
Iter 17: Train loss 0.164, Learning Rate 1.000e-04, It/sec 6.945, Tokens/sec 201.402, Trained Tokens 981, Peak mem 1.752 GB
Iter 18: Train loss 0.233, Learning Rate 1.000e-04, It/sec 6.557, Tokens/sec 334.410, Trained Tokens 1032, Peak mem 1.752 GB
Iter 19: Train loss 0.167, Learning Rate 1.000e-04, It/sec 6.695, Tokens/sec 515.497, Trained Tokens 1109, Peak mem 1.752 GB
Iter 20: Train loss 0.155, Learning Rate 1.000e-04, It/sec 6.002, Tokens/sec 186.060, Trained Tokens 1140, Peak mem 1.752 GB
Iter 21: Train loss 0.086, Learning Rate 1.000e-04, It/sec 6.840, Tokens/sec 526.655, Trained Tokens 1217, Peak mem 1.752 GB
Iter 22: Train loss 0.093, Learning Rate 1.000e-04, It/sec 6.697, Tokens/sec 515.636, Trained Tokens 1294, Peak mem 1.752 GB
Iter 23: Train loss 0.151, Learning Rate 1.000e-04, It/sec 6.848, Tokens/sec 212.298, Trained Tokens 1325, Peak mem 1.752 GB
Iter 24: Train loss 0.129, Learning Rate 1.000e-04, It/sec 5.537, Tokens/sec 260.238, Trained Tokens 1372, Peak mem 1.752 GB
Iter 25: Train loss 0.270, Learning Rate 1.000e-04, It/sec 5.640, Tokens/sec 400.475, Trained Tokens 1443, Peak mem 1.752 GB
Iter 26: Train loss 0.131, Learning Rate 1.000e-04, It/sec 6.748, Tokens/sec 519.576, Trained Tokens 1520, Peak mem 1.752 GB
Iter 27: Train loss 0.332, Learning Rate 1.000e-04, It/sec 4.140, Tokens/sec 542.298, Trained Tokens 1651, Peak mem 1.893 GB
Iter 28: Train loss 0.145, Learning Rate 1.000e-04, It/sec 6.692, Tokens/sec 515.266, Trained Tokens 1728, Peak mem 1.893 GB
Iter 29: Train loss 0.093, Learning Rate 1.000e-04, It/sec 6.742, Tokens/sec 519.142, Trained Tokens 1805, Peak mem 1.893 GB
Iter 30: Train loss 0.448, Learning Rate 1.000e-04, It/sec 5.610, Tokens/sec 286.098, Trained Tokens 1856, Peak mem 1.893 GB
Iter 31: Train loss 0.159, Learning Rate 1.000e-04, It/sec 4.726, Tokens/sec 619.059, Trained Tokens 1987, Peak mem 1.893 GB
Iter 32: Train loss 0.093, Learning Rate 1.000e-04, It/sec 6.721, Tokens/sec 517.538, Trained Tokens 2064, Peak mem 1.893 GB
Iter 33: Train loss 0.175, Learning Rate 1.000e-04, It/sec 4.481, Tokens/sec 497.350, Trained Tokens 2175, Peak mem 1.893 GB
Iter 34: Train loss 0.050, Learning Rate 1.000e-04, It/sec 6.826, Tokens/sec 525.568, Trained Tokens 2252, Peak mem 1.893 GB
Iter 35: Train loss 0.508, Learning Rate 1.000e-04, It/sec 6.782, Tokens/sec 203.447, Trained Tokens 2282, Peak mem 1.893 GB
Iter 36: Train loss 0.114, Learning Rate 1.000e-04, It/sec 4.745, Tokens/sec 621.623, Trained Tokens 2413, Peak mem 1.893 GB
Iter 37: Train loss 0.249, Learning Rate 1.000e-04, It/sec 5.494, Tokens/sec 280.186, Trained Tokens 2464, Peak mem 1.893 GB
Iter 38: Train loss 0.047, Learning Rate 1.000e-04, It/sec 6.829, Tokens/sec 525.859, Trained Tokens 2541, Peak mem 1.893 GB
Iter 39: Train loss 0.148, Learning Rate 1.000e-04, It/sec 5.513, Tokens/sec 363.870, Trained Tokens 2607, Peak mem 1.893 GB
Iter 40: Train loss 0.047, Learning Rate 1.000e-04, It/sec 6.614, Tokens/sec 509.275, Trained Tokens 2684, Peak mem 1.893 GB
Iter 41: Train loss 0.198, Learning Rate 1.000e-04, It/sec 6.007, Tokens/sec 186.215, Trained Tokens 2715, Peak mem 1.893 GB
Iter 42: Train loss 0.148, Learning Rate 1.000e-04, It/sec 5.171, Tokens/sec 160.295, Trained Tokens 2746, Peak mem 1.893 GB
Iter 43: Train loss 0.089, Learning Rate 1.000e-04, It/sec 6.116, Tokens/sec 299.685, Trained Tokens 2795, Peak mem 1.893 GB
Iter 44: Train loss 0.192, Learning Rate 1.000e-04, It/sec 7.338, Tokens/sec 220.152, Trained Tokens 2825, Peak mem 1.893 GB
Iter 45: Train loss 0.283, Learning Rate 1.000e-04, It/sec 6.790, Tokens/sec 346.282, Trained Tokens 2876, Peak mem 1.893 GB
Iter 46: Train loss 0.135, Learning Rate 1.000e-04, It/sec 7.420, Tokens/sec 215.172, Trained Tokens 2905, Peak mem 1.893 GB
Iter 47: Train loss 0.073, Learning Rate 1.000e-04, It/sec 7.488, Tokens/sec 224.638, Trained Tokens 2935, Peak mem 1.893 GB
Iter 48: Train loss 0.141, Learning Rate 1.000e-04, It/sec 7.338, Tokens/sec 227.490, Trained Tokens 2966, Peak mem 1.893 GB
Iter 49: Train loss 0.127, Learning Rate 1.000e-04, It/sec 6.965, Tokens/sec 208.942, Trained Tokens 2996, Peak mem 1.893 GB
Iter 50: Train loss 0.266, Learning Rate 1.000e-04, It/sec 6.104, Tokens/sec 299.104, Trained Tokens 3045, Peak mem 1.893 GB
Iter 51: Train loss 0.077, Learning Rate 1.000e-04, It/sec 7.409, Tokens/sec 229.679, Trained Tokens 3076, Peak mem 1.893 GB
Iter 52: Train loss 0.061, Learning Rate 1.000e-04, It/sec 6.826, Tokens/sec 211.605, Trained Tokens 3107, Peak mem 1.893 GB
Iter 53: Train loss 0.089, Learning Rate 1.000e-04, It/sec 6.165, Tokens/sec 191.128, Trained Tokens 3138, Peak mem 1.893 GB
Iter 54: Train loss 0.292, Learning Rate 1.000e-04, It/sec 5.637, Tokens/sec 287.485, Trained Tokens 3189, Peak mem 1.893 GB
Iter 55: Train loss 0.270, Learning Rate 1.000e-04, It/sec 5.663, Tokens/sec 436.086, Trained Tokens 3266, Peak mem 1.893 GB
Iter 56: Train loss 0.389, Learning Rate 1.000e-04, It/sec 5.153, Tokens/sec 252.505, Trained Tokens 3315, Peak mem 1.893 GB
Iter 57: Train loss 0.154, Learning Rate 1.000e-04, It/sec 5.404, Tokens/sec 264.802, Trained Tokens 3364, Peak mem 1.893 GB
Iter 58: Train loss 0.119, Learning Rate 1.000e-04, It/sec 5.164, Tokens/sec 160.074, Trained Tokens 3395, Peak mem 1.893 GB
Iter 59: Train loss 0.185, Learning Rate 1.000e-04, It/sec 6.075, Tokens/sec 467.745, Trained Tokens 3472, Peak mem 1.893 GB
Iter 60: Train loss 0.056, Learning Rate 1.000e-04, It/sec 6.282, Tokens/sec 188.463, Trained Tokens 3502, Peak mem 1.893 GB
Iter 61: Train loss 0.249, Learning Rate 1.000e-04, It/sec 5.699, Tokens/sec 518.569, Trained Tokens 3593, Peak mem 1.893 GB
Iter 62: Train loss 0.189, Learning Rate 1.000e-04, It/sec 6.762, Tokens/sec 344.873, Trained Tokens 3644, Peak mem 1.893 GB
Iter 63: Train loss 0.207, Learning Rate 1.000e-04, It/sec 5.962, Tokens/sec 280.204, Trained Tokens 3691, Peak mem 1.893 GB
Iter 64: Train loss 0.088, Learning Rate 1.000e-04, It/sec 6.732, Tokens/sec 518.356, Trained Tokens 3768, Peak mem 1.893 GB
Iter 65: Train loss 0.136, Learning Rate 1.000e-04, It/sec 4.694, Tokens/sec 586.803, Trained Tokens 3893, Peak mem 1.893 GB
Iter 66: Train loss 0.210, Learning Rate 1.000e-04, It/sec 5.538, Tokens/sec 166.132, Trained Tokens 3923, Peak mem 1.893 GB
Iter 67: Train loss 0.218, Learning Rate 1.000e-04, It/sec 5.959, Tokens/sec 286.050, Trained Tokens 3971, Peak mem 1.893 GB
Iter 68: Train loss 0.018, Learning Rate 1.000e-04, It/sec 6.667, Tokens/sec 513.352, Trained Tokens 4048, Peak mem 1.893 GB
Iter 69: Train loss 0.254, Learning Rate 1.000e-04, It/sec 7.413, Tokens/sec 222.378, Trained Tokens 4078, Peak mem 1.893 GB
Iter 70: Train loss 0.076, Learning Rate 1.000e-04, It/sec 6.855, Tokens/sec 527.808, Trained Tokens 4155, Peak mem 1.893 GB
Iter 71: Train loss 0.114, Learning Rate 1.000e-04, It/sec 5.146, Tokens/sec 447.666, Trained Tokens 4242, Peak mem 1.893 GB
Iter 72: Train loss 0.365, Learning Rate 1.000e-04, It/sec 5.893, Tokens/sec 418.377, Trained Tokens 4313, Peak mem 1.893 GB
Iter 73: Train loss 0.129, Learning Rate 1.000e-04, It/sec 5.176, Tokens/sec 470.987, Trained Tokens 4404, Peak mem 1.893 GB
Iter 74: Train loss 0.157, Learning Rate 1.000e-04, It/sec 6.064, Tokens/sec 309.279, Trained Tokens 4455, Peak mem 1.893 GB
Iter 75: Train loss 0.179, Learning Rate 1.000e-04, It/sec 5.164, Tokens/sec 366.622, Trained Tokens 4526, Peak mem 1.893 GB
Iter 76: Train loss 0.142, Learning Rate 1.000e-04, It/sec 6.630, Tokens/sec 338.140, Trained Tokens 4577, Peak mem 1.893 GB
Iter 77: Train loss 0.158, Learning Rate 1.000e-04, It/sec 5.695, Tokens/sec 290.453, Trained Tokens 4628, Peak mem 1.893 GB
Iter 78: Train loss 0.214, Learning Rate 1.000e-04, It/sec 6.690, Tokens/sec 207.401, Trained Tokens 4659, Peak mem 1.893 GB
Iter 79: Train loss 0.019, Learning Rate 1.000e-04, It/sec 6.779, Tokens/sec 521.994, Trained Tokens 4736, Peak mem 1.893 GB
Iter 80: Train loss 0.135, Learning Rate 1.000e-04, It/sec 4.735, Tokens/sec 525.629, Trained Tokens 4847, Peak mem 1.893 GB
Iter 81: Train loss 0.048, Learning Rate 1.000e-04, It/sec 6.793, Tokens/sec 523.040, Trained Tokens 4924, Peak mem 1.893 GB
Iter 82: Train loss 0.114, Learning Rate 1.000e-04, It/sec 7.464, Tokens/sec 231.399, Trained Tokens 4955, Peak mem 1.893 GB
Iter 83: Train loss 0.084, Learning Rate 1.000e-04, It/sec 6.807, Tokens/sec 204.201, Trained Tokens 4985, Peak mem 1.893 GB
Iter 84: Train loss 0.105, Learning Rate 1.000e-04, It/sec 6.808, Tokens/sec 211.058, Trained Tokens 5016, Peak mem 1.893 GB
Iter 85: Train loss 0.161, Learning Rate 1.000e-04, It/sec 7.479, Tokens/sec 381.440, Trained Tokens 5067, Peak mem 1.893 GB
Iter 86: Train loss 0.240, Learning Rate 1.000e-04, It/sec 6.084, Tokens/sec 310.273, Trained Tokens 5118, Peak mem 1.893 GB
Iter 87: Train loss 0.137, Learning Rate 1.000e-04, It/sec 6.664, Tokens/sec 439.851, Trained Tokens 5184, Peak mem 1.893 GB
Iter 88: Train loss 0.090, Learning Rate 1.000e-04, It/sec 6.730, Tokens/sec 518.225, Trained Tokens 5261, Peak mem 1.893 GB
Iter 89: Train loss 0.089, Learning Rate 1.000e-04, It/sec 6.734, Tokens/sec 518.507, Trained Tokens 5338, Peak mem 1.893 GB
Iter 90: Train loss 0.212, Learning Rate 1.000e-04, It/sec 6.076, Tokens/sec 285.586, Trained Tokens 5385, Peak mem 1.893 GB
Iter 91: Train loss 0.038, Learning Rate 1.000e-04, It/sec 6.154, Tokens/sec 184.628, Trained Tokens 5415, Peak mem 1.893 GB
Iter 92: Train loss 0.052, Learning Rate 1.000e-04, It/sec 6.692, Tokens/sec 194.063, Trained Tokens 5444, Peak mem 1.893 GB
Iter 93: Train loss 0.184, Learning Rate 1.000e-04, It/sec 4.136, Tokens/sec 376.355, Trained Tokens 5535, Peak mem 1.893 GB
Iter 94: Train loss 0.068, Learning Rate 1.000e-04, It/sec 6.808, Tokens/sec 524.232, Trained Tokens 5612, Peak mem 1.893 GB
Iter 95: Train loss 0.169, Learning Rate 1.000e-04, It/sec 6.810, Tokens/sec 347.299, Trained Tokens 5663, Peak mem 1.893 GB
Iter 96: Train loss 0.035, Learning Rate 1.000e-04, It/sec 7.305, Tokens/sec 219.162, Trained Tokens 5693, Peak mem 1.893 GB
Iter 97: Train loss 0.117, Learning Rate 1.000e-04, It/sec 5.716, Tokens/sec 520.201, Trained Tokens 5784, Peak mem 1.893 GB
Iter 98: Train loss 0.081, Learning Rate 1.000e-04, It/sec 7.432, Tokens/sec 230.397, Trained Tokens 5815, Peak mem 1.893 GB
Iter 99: Train loss 0.212, Learning Rate 1.000e-04, It/sec 4.442, Tokens/sec 555.275, Trained Tokens 5940, Peak mem 1.893 GB
Iter 100: Train loss 0.029, Learning Rate 1.000e-04, It/sec 6.633, Tokens/sec 510.727, Trained Tokens 6017, Peak mem 1.893 GB
Iter 101: Train loss 0.174, Learning Rate 1.000e-04, It/sec 4.295, Tokens/sec 455.240, Trained Tokens 6123, Peak mem 1.893 GB
Iter 102: Train loss 0.188, Learning Rate 1.000e-04, It/sec 5.423, Tokens/sec 265.736, Trained Tokens 6172, Peak mem 1.893 GB
Iter 103: Train loss 0.073, Learning Rate 1.000e-04, It/sec 4.679, Tokens/sec 229.248, Trained Tokens 6221, Peak mem 1.893 GB
Iter 104: Train loss 0.224, Learning Rate 1.000e-04, It/sec 6.058, Tokens/sec 308.942, Trained Tokens 6272, Peak mem 1.893 GB
Iter 105: Train loss 0.075, Learning Rate 1.000e-04, It/sec 5.216, Tokens/sec 683.233, Trained Tokens 6403, Peak mem 1.893 GB
Iter 106: Train loss 0.121, Learning Rate 1.000e-04, It/sec 6.763, Tokens/sec 209.648, Trained Tokens 6434, Peak mem 1.893 GB
Iter 107: Train loss 0.088, Learning Rate 1.000e-04, It/sec 5.012, Tokens/sec 656.616, Trained Tokens 6565, Peak mem 1.893 GB
Iter 108: Train loss 0.175, Learning Rate 1.000e-04, It/sec 5.556, Tokens/sec 166.691, Trained Tokens 6595, Peak mem 1.893 GB
Iter 109: Train loss 0.169, Learning Rate 1.000e-04, It/sec 6.774, Tokens/sec 196.435, Trained Tokens 6624, Peak mem 1.893 GB
Iter 110: Train loss 0.081, Learning Rate 1.000e-04, It/sec 5.100, Tokens/sec 668.092, Trained Tokens 6755, Peak mem 1.893 GB
Iter 111: Train loss 0.189, Learning Rate 1.000e-04, It/sec 6.714, Tokens/sec 208.121, Trained Tokens 6786, Peak mem 1.893 GB
Iter 112: Train loss 0.171, Learning Rate 1.000e-04, It/sec 7.364, Tokens/sec 220.912, Trained Tokens 6816, Peak mem 1.893 GB
Iter 113: Train loss 0.063, Learning Rate 1.000e-04, It/sec 6.821, Tokens/sec 211.439, Trained Tokens 6847, Peak mem 1.893 GB
Iter 114: Train loss 0.146, Learning Rate 1.000e-04, It/sec 4.674, Tokens/sec 612.339, Trained Tokens 6978, Peak mem 1.893 GB
Iter 115: Train loss 0.164, Learning Rate 1.000e-04, It/sec 5.132, Tokens/sec 261.715, Trained Tokens 7029, Peak mem 1.893 GB
Iter 116: Train loss 0.148, Learning Rate 1.000e-04, It/sec 6.664, Tokens/sec 339.855, Trained Tokens 7080, Peak mem 1.893 GB
Iter 117: Train loss 0.029, Learning Rate 1.000e-04, It/sec 6.775, Tokens/sec 521.689, Trained Tokens 7157, Peak mem 1.893 GB
Iter 118: Train loss 0.090, Learning Rate 1.000e-04, It/sec 4.998, Tokens/sec 454.842, Trained Tokens 7248, Peak mem 1.893 GB
Iter 119: Train loss 0.147, Learning Rate 1.000e-04, It/sec 5.541, Tokens/sec 271.503, Trained Tokens 7297, Peak mem 1.893 GB
Iter 120: Train loss 0.046, Learning Rate 1.000e-04, It/sec 7.316, Tokens/sec 219.475, Trained Tokens 7327, Peak mem 1.893 GB
Iter 121: Train loss 0.091, Learning Rate 1.000e-04, It/sec 6.161, Tokens/sec 190.999, Trained Tokens 7358, Peak mem 1.893 GB
Iter 122: Train loss 0.079, Learning Rate 1.000e-04, It/sec 5.232, Tokens/sec 371.498, Trained Tokens 7429, Peak mem 1.893 GB
Iter 123: Train loss 0.022, Learning Rate 1.000e-04, It/sec 7.454, Tokens/sec 223.632, Trained Tokens 7459, Peak mem 1.893 GB
Iter 124: Train loss 0.098, Learning Rate 1.000e-04, It/sec 6.011, Tokens/sec 300.563, Trained Tokens 7509, Peak mem 1.893 GB
Iter 125: Train loss 0.132, Learning Rate 1.000e-04, It/sec 6.108, Tokens/sec 189.339, Trained Tokens 7540, Peak mem 1.893 GB
Iter 126: Train loss 0.042, Learning Rate 1.000e-04, It/sec 6.788, Tokens/sec 522.642, Trained Tokens 7617, Peak mem 1.893 GB
Iter 127: Train loss 0.037, Learning Rate 1.000e-04, It/sec 6.811, Tokens/sec 197.519, Trained Tokens 7646, Peak mem 1.893 GB
Iter 128: Train loss 0.090, Learning Rate 1.000e-04, It/sec 5.956, Tokens/sec 291.845, Trained Tokens 7695, Peak mem 1.893 GB
Iter 129: Train loss 0.048, Learning Rate 1.000e-04, It/sec 6.866, Tokens/sec 528.682, Trained Tokens 7772, Peak mem 1.893 GB
Iter 130: Train loss 0.138, Learning Rate 1.000e-04, It/sec 5.641, Tokens/sec 513.327, Trained Tokens 7863, Peak mem 1.893 GB
Iter 131: Train loss 0.048, Learning Rate 1.000e-04, It/sec 6.699, Tokens/sec 515.861, Trained Tokens 7940, Peak mem 1.893 GB
Iter 132: Train loss 0.205, Learning Rate 1.000e-04, It/sec 6.002, Tokens/sec 306.098, Trained Tokens 7991, Peak mem 1.893 GB
Iter 133: Train loss 0.042, Learning Rate 1.000e-04, It/sec 6.742, Tokens/sec 519.146, Trained Tokens 8068, Peak mem 1.893 GB
Iter 134: Train loss 0.017, Learning Rate 1.000e-04, It/sec 5.516, Tokens/sec 165.493, Trained Tokens 8098, Peak mem 1.893 GB
Iter 135: Train loss 0.182, Learning Rate 1.000e-04, It/sec 4.499, Tokens/sec 476.877, Trained Tokens 8204, Peak mem 1.893 GB
Iter 136: Train loss 0.060, Learning Rate 1.000e-04, It/sec 6.856, Tokens/sec 212.524, Trained Tokens 8235, Peak mem 1.893 GB
Iter 137: Train loss 0.025, Learning Rate 1.000e-04, It/sec 7.513, Tokens/sec 225.392, Trained Tokens 8265, Peak mem 1.893 GB
Iter 138: Train loss 0.056, Learning Rate 1.000e-04, It/sec 6.176, Tokens/sec 302.631, Trained Tokens 8314, Peak mem 1.893 GB
Iter 139: Train loss 0.191, Learning Rate 1.000e-04, It/sec 4.748, Tokens/sec 526.990, Trained Tokens 8425, Peak mem 1.893 GB
Iter 140: Train loss 0.070, Learning Rate 1.000e-04, It/sec 5.538, Tokens/sec 271.380, Trained Tokens 8474, Peak mem 1.893 GB
Iter 141: Train loss 0.034, Learning Rate 1.000e-04, It/sec 7.370, Tokens/sec 228.456, Trained Tokens 8505, Peak mem 1.893 GB
Iter 142: Train loss 0.019, Learning Rate 1.000e-04, It/sec 6.790, Tokens/sec 522.808, Trained Tokens 8582, Peak mem 1.893 GB
Iter 143: Train loss 0.019, Learning Rate 1.000e-04, It/sec 6.899, Tokens/sec 531.233, Trained Tokens 8659, Peak mem 1.893 GB
Iter 144: Train loss 0.098, Learning Rate 1.000e-04, It/sec 5.614, Tokens/sec 735.476, Trained Tokens 8790, Peak mem 1.893 GB
Iter 145: Train loss 0.138, Learning Rate 1.000e-04, It/sec 6.136, Tokens/sec 300.663, Trained Tokens 8839, Peak mem 1.893 GB
Iter 146: Train loss 0.087, Learning Rate 1.000e-04, It/sec 6.070, Tokens/sec 430.963, Trained Tokens 8910, Peak mem 1.893 GB
Iter 147: Train loss 0.063, Learning Rate 1.000e-04, It/sec 6.811, Tokens/sec 204.324, Trained Tokens 8940, Peak mem 1.893 GB
Iter 148: Train loss 0.129, Learning Rate 1.000e-04, It/sec 6.052, Tokens/sec 284.425, Trained Tokens 8987, Peak mem 1.893 GB
Iter 149: Train loss 0.045, Learning Rate 1.000e-04, It/sec 4.740, Tokens/sec 620.950, Trained Tokens 9118, Peak mem 1.893 GB
Iter 150: Train loss 0.051, Learning Rate 1.000e-04, It/sec 6.739, Tokens/sec 343.690, Trained Tokens 9169, Peak mem 1.893 GB
Iter 151: Train loss 0.009, Learning Rate 1.000e-04, It/sec 6.775, Tokens/sec 521.655, Trained Tokens 9246, Peak mem 1.893 GB
Iter 152: Train loss 0.130, Learning Rate 1.000e-04, It/sec 7.357, Tokens/sec 228.065, Trained Tokens 9277, Peak mem 1.893 GB
Iter 153: Train loss 0.007, Learning Rate 1.000e-04, It/sec 6.720, Tokens/sec 517.476, Trained Tokens 9354, Peak mem 1.893 GB
Iter 154: Train loss 0.050, Learning Rate 1.000e-04, It/sec 5.052, Tokens/sec 459.756, Trained Tokens 9445, Peak mem 1.893 GB
Iter 155: Train loss 0.092, Learning Rate 1.000e-04, It/sec 6.798, Tokens/sec 210.743, Trained Tokens 9476, Peak mem 1.893 GB
Iter 156: Train loss 0.095, Learning Rate 1.000e-04, It/sec 6.688, Tokens/sec 441.385, Trained Tokens 9542, Peak mem 1.893 GB
Iter 157: Train loss 0.142, Learning Rate 1.000e-04, It/sec 6.136, Tokens/sec 190.203, Trained Tokens 9573, Peak mem 1.893 GB
Iter 158: Train loss 0.006, Learning Rate 1.000e-04, It/sec 6.663, Tokens/sec 513.029, Trained Tokens 9650, Peak mem 1.893 GB
Iter 159: Train loss 0.167, Learning Rate 1.000e-04, It/sec 6.785, Tokens/sec 210.338, Trained Tokens 9681, Peak mem 1.893 GB
Iter 160: Train loss 0.007, Learning Rate 1.000e-04, It/sec 5.380, Tokens/sec 414.297, Trained Tokens 9758, Peak mem 1.893 GB
Iter 161: Train loss 0.135, Learning Rate 1.000e-04, It/sec 4.572, Tokens/sec 571.549, Trained Tokens 9883, Peak mem 1.893 GB
Iter 162: Train loss 0.039, Learning Rate 1.000e-04, It/sec 5.005, Tokens/sec 655.682, Trained Tokens 10014, Peak mem 1.893 GB
Iter 163: Train loss 0.070, Learning Rate 1.000e-04, It/sec 6.624, Tokens/sec 198.714, Trained Tokens 10044, Peak mem 1.893 GB
Iter 164: Train loss 0.005, Learning Rate 1.000e-04, It/sec 6.707, Tokens/sec 516.404, Trained Tokens 10121, Peak mem 1.893 GB
Iter 165: Train loss 0.137, Learning Rate 1.000e-04, It/sec 6.010, Tokens/sec 306.486, Trained Tokens 10172, Peak mem 1.893 GB
Iter 166: Train loss 0.005, Learning Rate 1.000e-04, It/sec 6.733, Tokens/sec 518.421, Trained Tokens 10249, Peak mem 1.893 GB
Iter 167: Train loss 0.100, Learning Rate 1.000e-04, It/sec 5.461, Tokens/sec 278.506, Trained Tokens 10300, Peak mem 1.893 GB
Iter 168: Train loss 0.005, Learning Rate 1.000e-04, It/sec 6.568, Tokens/sec 505.750, Trained Tokens 10377, Peak mem 1.893 GB
Iter 169: Train loss 0.172, Learning Rate 1.000e-04, It/sec 5.544, Tokens/sec 393.646, Trained Tokens 10448, Peak mem 1.893 GB
Iter 170: Train loss 0.030, Learning Rate 1.000e-04, It/sec 6.040, Tokens/sec 398.633, Trained Tokens 10514, Peak mem 1.893 GB
Iter 171: Train loss 0.006, Learning Rate 1.000e-04, It/sec 6.790, Tokens/sec 522.802, Trained Tokens 10591, Peak mem 1.893 GB
Iter 172: Train loss 0.065, Learning Rate 1.000e-04, It/sec 5.516, Tokens/sec 171.011, Trained Tokens 10622, Peak mem 1.893 GB
Iter 173: Train loss 0.066, Learning Rate 1.000e-04, It/sec 5.695, Tokens/sec 518.272, Trained Tokens 10713, Peak mem 1.893 GB
Iter 174: Train loss 0.173, Learning Rate 1.000e-04, It/sec 4.742, Tokens/sec 526.318, Trained Tokens 10824, Peak mem 1.893 GB
Iter 175: Train loss 0.030, Learning Rate 1.000e-04, It/sec 7.484, Tokens/sec 224.528, Trained Tokens 10854, Peak mem 1.893 GB
Iter 176: Train loss 0.120, Learning Rate 1.000e-04, It/sec 6.073, Tokens/sec 297.564, Trained Tokens 10903, Peak mem 1.893 GB
Iter 177: Train loss 0.093, Learning Rate 1.000e-04, It/sec 4.778, Tokens/sec 625.935, Trained Tokens 11034, Peak mem 1.893 GB
Iter 178: Train loss 0.005, Learning Rate 1.000e-04, It/sec 6.753, Tokens/sec 519.992, Trained Tokens 11111, Peak mem 1.893 GB
Iter 179: Train loss 0.020, Learning Rate 1.000e-04, It/sec 5.139, Tokens/sec 159.297, Trained Tokens 11142, Peak mem 1.893 GB
Iter 180: Train loss 0.005, Learning Rate 1.000e-04, It/sec 6.585, Tokens/sec 507.070, Trained Tokens 11219, Peak mem 1.893 GB
Iter 181: Train loss 0.066, Learning Rate 1.000e-04, It/sec 6.859, Tokens/sec 349.834, Trained Tokens 11270, Peak mem 1.893 GB
Iter 182: Train loss 0.032, Learning Rate 1.000e-04, It/sec 5.655, Tokens/sec 169.660, Trained Tokens 11300, Peak mem 1.893 GB
Iter 183: Train loss 0.031, Learning Rate 1.000e-04, It/sec 6.722, Tokens/sec 208.371, Trained Tokens 11331, Peak mem 1.893 GB
Iter 184: Train loss 0.024, Learning Rate 1.000e-04, It/sec 4.385, Tokens/sec 289.435, Trained Tokens 11397, Peak mem 1.893 GB
Iter 185: Train loss 0.011, Learning Rate 1.000e-04, It/sec 6.011, Tokens/sec 462.876, Trained Tokens 11474, Peak mem 1.893 GB
Iter 186: Train loss 0.037, Learning Rate 1.000e-04, It/sec 5.637, Tokens/sec 276.189, Trained Tokens 11523, Peak mem 1.893 GB
Iter 187: Train loss 0.039, Learning Rate 1.000e-04, It/sec 7.407, Tokens/sec 222.222, Trained Tokens 11553, Peak mem 1.893 GB
Iter 188: Train loss 0.087, Learning Rate 1.000e-04, It/sec 6.685, Tokens/sec 340.922, Trained Tokens 11604, Peak mem 1.893 GB
Iter 189: Train loss 0.020, Learning Rate 1.000e-04, It/sec 7.455, Tokens/sec 223.655, Trained Tokens 11634, Peak mem 1.893 GB
Iter 190: Train loss 0.077, Learning Rate 1.000e-04, It/sec 5.190, Tokens/sec 472.261, Trained Tokens 11725, Peak mem 1.893 GB
Iter 191: Train loss 0.058, Learning Rate 1.000e-04, It/sec 6.143, Tokens/sec 288.736, Trained Tokens 11772, Peak mem 1.893 GB
Iter 192: Train loss 0.037, Learning Rate 1.000e-04, It/sec 4.290, Tokens/sec 218.806, Trained Tokens 11823, Peak mem 1.893 GB
Iter 193: Train loss 0.091, Learning Rate 1.000e-04, It/sec 7.492, Tokens/sec 232.237, Trained Tokens 11854, Peak mem 1.893 GB
Iter 194: Train loss 0.007, Learning Rate 1.000e-04, It/sec 6.715, Tokens/sec 517.043, Trained Tokens 11931, Peak mem 1.893 GB
Iter 195: Train loss 0.021, Learning Rate 1.000e-04, It/sec 6.790, Tokens/sec 210.499, Trained Tokens 11962, Peak mem 1.893 GB
Iter 196: Train loss 0.203, Learning Rate 1.000e-04, It/sec 7.302, Tokens/sec 372.402, Trained Tokens 12013, Peak mem 1.893 GB
Iter 197: Train loss 0.072, Learning Rate 1.000e-04, It/sec 5.700, Tokens/sec 290.705, Trained Tokens 12064, Peak mem 1.893 GB
Iter 198: Train loss 0.031, Learning Rate 1.000e-04, It/sec 5.007, Tokens/sec 455.660, Trained Tokens 12155, Peak mem 1.893 GB
Iter 199: Train loss 0.049, Learning Rate 1.000e-04, It/sec 6.724, Tokens/sec 342.934, Trained Tokens 12206, Peak mem 1.893 GB

Calculating loss...:   0%|          | 0/1 [00:00<?, ?it/s]
Calculating loss...: 100%|██████████| 1/1 [00:00<00:00, 12.76it/s]
Iter 200: Val loss 0.026, Val took 0.081s
Iter 200: Train loss 0.523, Learning Rate 1.000e-04, It/sec 6.097, Tokens/sec 432.866, Trained Tokens 12277, Peak mem 1.893 GB
Iter 201: Train loss 0.076, Learning Rate 1.000e-04, It/sec 5.684, Tokens/sec 170.528, Trained Tokens 12307, Peak mem 1.893 GB
Iter 202: Train loss 0.034, Learning Rate 1.000e-04, It/sec 7.436, Tokens/sec 215.648, Trained Tokens 12336, Peak mem 1.893 GB
Iter 203: Train loss 0.101, Learning Rate 1.000e-04, It/sec 7.650, Tokens/sec 221.836, Trained Tokens 12365, Peak mem 1.893 GB
Iter 204: Train loss 0.027, Learning Rate 1.000e-04, It/sec 7.366, Tokens/sec 220.989, Trained Tokens 12395, Peak mem 1.893 GB
Iter 205: Train loss 0.154, Learning Rate 1.000e-04, It/sec 5.237, Tokens/sec 455.657, Trained Tokens 12482, Peak mem 1.893 GB
Iter 206: Train loss 0.037, Learning Rate 1.000e-04, It/sec 6.729, Tokens/sec 208.593, Trained Tokens 12513, Peak mem 1.893 GB
Iter 207: Train loss 0.037, Learning Rate 1.000e-04, It/sec 6.893, Tokens/sec 213.696, Trained Tokens 12544, Peak mem 1.893 GB
Iter 208: Train loss 0.154, Learning Rate 1.000e-04, It/sec 5.033, Tokens/sec 629.106, Trained Tokens 12669, Peak mem 1.893 GB
Iter 209: Train loss 0.006, Learning Rate 1.000e-04, It/sec 6.689, Tokens/sec 515.056, Trained Tokens 12746, Peak mem 1.893 GB
Iter 210: Train loss 0.191, Learning Rate 1.000e-04, It/sec 6.072, Tokens/sec 431.126, Trained Tokens 12817, Peak mem 1.893 GB
Iter 211: Train loss 0.082, Learning Rate 1.000e-04, It/sec 6.097, Tokens/sec 188.997, Trained Tokens 12848, Peak mem 1.893 GB
Iter 212: Train loss 0.136, Learning Rate 1.000e-04, It/sec 5.577, Tokens/sec 284.403, Trained Tokens 12899, Peak mem 1.893 GB
Iter 213: Train loss 0.193, Learning Rate 1.000e-04, It/sec 6.839, Tokens/sec 348.776, Trained Tokens 12950, Peak mem 1.893 GB
Iter 214: Train loss 0.022, Learning Rate 1.000e-04, It/sec 7.436, Tokens/sec 223.095, Trained Tokens 12980, Peak mem 1.893 GB
Iter 215: Train loss 0.056, Learning Rate 1.000e-04, It/sec 7.421, Tokens/sec 215.202, Trained Tokens 13009, Peak mem 1.893 GB
Iter 216: Train loss 0.110, Learning Rate 1.000e-04, It/sec 5.042, Tokens/sec 660.551, Trained Tokens 13140, Peak mem 1.893 GB
Iter 217: Train loss 0.111, Learning Rate 1.000e-04, It/sec 4.786, Tokens/sec 598.211, Trained Tokens 13265, Peak mem 1.893 GB
Iter 218: Train loss 0.010, Learning Rate 1.000e-04, It/sec 6.770, Tokens/sec 521.259, Trained Tokens 13342, Peak mem 1.893 GB
Iter 219: Train loss 0.009, Learning Rate 1.000e-04, It/sec 6.760, Tokens/sec 520.543, Trained Tokens 13419, Peak mem 1.893 GB
Iter 220: Train loss 0.104, Learning Rate 1.000e-04, It/sec 6.746, Tokens/sec 344.043, Trained Tokens 13470, Peak mem 1.893 GB
Iter 221: Train loss 0.103, Learning Rate 1.000e-04, It/sec 3.593, Tokens/sec 470.674, Trained Tokens 13601, Peak mem 1.981 GB
Iter 222: Train loss 0.055, Learning Rate 1.000e-04, It/sec 6.368, Tokens/sec 324.753, Trained Tokens 13652, Peak mem 1.981 GB
Iter 223: Train loss 0.056, Learning Rate 1.000e-04, It/sec 7.418, Tokens/sec 229.968, Trained Tokens 13683, Peak mem 1.981 GB
Iter 224: Train loss 0.016, Learning Rate 1.000e-04, It/sec 6.679, Tokens/sec 514.247, Trained Tokens 13760, Peak mem 1.981 GB
Iter 225: Train loss 0.065, Learning Rate 1.000e-04, It/sec 6.737, Tokens/sec 208.845, Trained Tokens 13791, Peak mem 1.981 GB
Iter 226: Train loss 0.052, Learning Rate 1.000e-04, It/sec 5.234, Tokens/sec 685.714, Trained Tokens 13922, Peak mem 1.981 GB
Iter 227: Train loss 0.029, Learning Rate 1.000e-04, It/sec 6.809, Tokens/sec 204.274, Trained Tokens 13952, Peak mem 1.981 GB
Iter 228: Train loss 0.085, Learning Rate 1.000e-04, It/sec 5.530, Tokens/sec 282.045, Trained Tokens 14003, Peak mem 1.981 GB
Iter 229: Train loss 0.063, Learning Rate 1.000e-04, It/sec 6.707, Tokens/sec 194.494, Trained Tokens 14032, Peak mem 1.981 GB
Iter 230: Train loss 0.055, Learning Rate 1.000e-04, It/sec 6.589, Tokens/sec 336.056, Trained Tokens 14083, Peak mem 1.981 GB
Iter 231: Train loss 0.051, Learning Rate 1.000e-04, It/sec 5.157, Tokens/sec 252.674, Trained Tokens 14132, Peak mem 1.981 GB
Iter 232: Train loss 0.013, Learning Rate 1.000e-04, It/sec 6.656, Tokens/sec 512.492, Trained Tokens 14209, Peak mem 1.981 GB
Iter 233: Train loss 0.068, Learning Rate 1.000e-04, It/sec 7.449, Tokens/sec 230.926, Trained Tokens 14240, Peak mem 1.981 GB
Iter 234: Train loss 0.070, Learning Rate 1.000e-04, It/sec 6.843, Tokens/sec 321.642, Trained Tokens 14287, Peak mem 1.981 GB
Iter 235: Train loss 0.261, Learning Rate 1.000e-04, It/sec 6.065, Tokens/sec 291.136, Trained Tokens 14335, Peak mem 1.981 GB
Iter 236: Train loss 0.025, Learning Rate 1.000e-04, It/sec 5.539, Tokens/sec 166.178, Trained Tokens 14365, Peak mem 1.981 GB
Iter 237: Train loss 0.006, Learning Rate 1.000e-04, It/sec 6.766, Tokens/sec 520.985, Trained Tokens 14442, Peak mem 1.981 GB
Iter 238: Train loss 0.061, Learning Rate 1.000e-04, It/sec 5.086, Tokens/sec 666.316, Trained Tokens 14573, Peak mem 1.981 GB
Iter 239: Train loss 0.028, Learning Rate 1.000e-04, It/sec 6.068, Tokens/sec 182.051, Trained Tokens 14603, Peak mem 1.981 GB
Iter 240: Train loss 0.103, Learning Rate 1.000e-04, It/sec 5.841, Tokens/sec 297.883, Trained Tokens 14654, Peak mem 1.981 GB
Iter 241: Train loss 0.094, Learning Rate 1.000e-04, It/sec 6.052, Tokens/sec 308.634, Trained Tokens 14705, Peak mem 1.981 GB
Iter 242: Train loss 0.017, Learning Rate 1.000e-04, It/sec 7.321, Tokens/sec 219.624, Trained Tokens 14735, Peak mem 1.981 GB
Iter 243: Train loss 0.058, Learning Rate 1.000e-04, It/sec 4.158, Tokens/sec 544.721, Trained Tokens 14866, Peak mem 1.981 GB
Iter 244: Train loss 0.052, Learning Rate 1.000e-04, It/sec 4.892, Tokens/sec 347.353, Trained Tokens 14937, Peak mem 1.981 GB
Iter 245: Train loss 0.023, Learning Rate 1.000e-04, It/sec 5.421, Tokens/sec 162.635, Trained Tokens 14967, Peak mem 1.981 GB
Iter 246: Train loss 0.031, Learning Rate 1.000e-04, It/sec 6.704, Tokens/sec 341.895, Trained Tokens 15018, Peak mem 1.981 GB
Iter 247: Train loss 0.034, Learning Rate 1.000e-04, It/sec 5.068, Tokens/sec 461.215, Trained Tokens 15109, Peak mem 1.981 GB
Iter 248: Train loss 0.130, Learning Rate 1.000e-04, It/sec 5.943, Tokens/sec 285.267, Trained Tokens 15157, Peak mem 1.981 GB
Iter 249: Train loss 0.023, Learning Rate 1.000e-04, It/sec 6.813, Tokens/sec 449.647, Trained Tokens 15223, Peak mem 1.981 GB
Iter 250: Train loss 0.084, Learning Rate 1.000e-04, It/sec 5.924, Tokens/sec 420.582, Trained Tokens 15294, Peak mem 1.981 GB
Iter 251: Train loss 0.003, Learning Rate 1.000e-04, It/sec 6.836, Tokens/sec 526.372, Trained Tokens 15371, Peak mem 1.981 GB
Iter 252: Train loss 0.068, Learning Rate 1.000e-04, It/sec 6.044, Tokens/sec 308.239, Trained Tokens 15422, Peak mem 1.981 GB
Iter 253: Train loss 0.029, Learning Rate 1.000e-04, It/sec 6.780, Tokens/sec 203.393, Trained Tokens 15452, Peak mem 1.981 GB
Iter 254: Train loss 0.020, Learning Rate 1.000e-04, It/sec 5.237, Tokens/sec 686.094, Trained Tokens 15583, Peak mem 1.981 GB
Iter 255: Train loss 0.143, Learning Rate 1.000e-04, It/sec 6.020, Tokens/sec 427.410, Trained Tokens 15654, Peak mem 1.981 GB
Iter 256: Train loss 0.031, Learning Rate 1.000e-04, It/sec 5.090, Tokens/sec 666.765, Trained Tokens 15785, Peak mem 1.981 GB
Iter 257: Train loss 0.056, Learning Rate 1.000e-04, It/sec 6.126, Tokens/sec 183.781, Trained Tokens 15815, Peak mem 1.981 GB
Iter 258: Train loss 0.103, Learning Rate 1.000e-04, It/sec 4.775, Tokens/sec 596.893, Trained Tokens 15940, Peak mem 1.981 GB
Iter 259: Train loss 0.074, Learning Rate 1.000e-04, It/sec 5.147, Tokens/sec 643.387, Trained Tokens 16065, Peak mem 1.981 GB
Iter 260: Train loss 0.047, Learning Rate 1.000e-04, It/sec 6.665, Tokens/sec 339.916, Trained Tokens 16116, Peak mem 1.981 GB
Iter 261: Train loss 0.001, Learning Rate 1.000e-04, It/sec 6.723, Tokens/sec 517.685, Trained Tokens 16193, Peak mem 1.981 GB
Iter 262: Train loss 0.052, Learning Rate 1.000e-04, It/sec 5.568, Tokens/sec 167.048, Trained Tokens 16223, Peak mem 1.981 GB
Iter 263: Train loss 0.001, Learning Rate 1.000e-04, It/sec 6.685, Tokens/sec 514.776, Trained Tokens 16300, Peak mem 1.981 GB
Iter 264: Train loss 0.001, Learning Rate 1.000e-04, It/sec 6.656, Tokens/sec 512.489, Trained Tokens 16377, Peak mem 1.981 GB
Iter 265: Train loss 0.153, Learning Rate 1.000e-04, It/sec 5.636, Tokens/sec 174.716, Trained Tokens 16408, Peak mem 1.981 GB
Iter 266: Train loss 0.125, Learning Rate 1.000e-04, It/sec 6.066, Tokens/sec 285.092, Trained Tokens 16455, Peak mem 1.981 GB
Iter 267: Train loss 0.087, Learning Rate 1.000e-04, It/sec 6.003, Tokens/sec 186.107, Trained Tokens 16486, Peak mem 1.981 GB
Iter 268: Train loss 0.049, Learning Rate 1.000e-04, It/sec 6.699, Tokens/sec 341.669, Trained Tokens 16537, Peak mem 1.981 GB
Iter 269: Train loss 0.028, Learning Rate 1.000e-04, It/sec 6.765, Tokens/sec 344.994, Trained Tokens 16588, Peak mem 1.981 GB
Iter 270: Train loss 0.021, Learning Rate 1.000e-04, It/sec 5.678, Tokens/sec 278.236, Trained Tokens 16637, Peak mem 1.981 GB
Iter 271: Train loss 0.066, Learning Rate 1.000e-04, It/sec 7.376, Tokens/sec 221.273, Trained Tokens 16667, Peak mem 1.981 GB
Iter 272: Train loss 0.001, Learning Rate 1.000e-04, It/sec 6.729, Tokens/sec 518.132, Trained Tokens 16744, Peak mem 1.981 GB
Iter 273: Train loss 0.080, Learning Rate 1.000e-04, It/sec 5.082, Tokens/sec 442.104, Trained Tokens 16831, Peak mem 1.981 GB
Iter 274: Train loss 0.003, Learning Rate 1.000e-04, It/sec 6.792, Tokens/sec 522.999, Trained Tokens 16908, Peak mem 1.981 GB
Iter 275: Train loss 0.237, Learning Rate 1.000e-04, It/sec 5.982, Tokens/sec 424.698, Trained Tokens 16979, Peak mem 1.981 GB
Iter 276: Train loss 0.002, Learning Rate 1.000e-04, It/sec 5.567, Tokens/sec 428.667, Trained Tokens 17056, Peak mem 1.981 GB
Iter 277: Train loss 0.002, Learning Rate 1.000e-04, It/sec 6.256, Tokens/sec 481.727, Trained Tokens 17133, Peak mem 1.981 GB
Iter 278: Train loss 0.103, Learning Rate 1.000e-04, It/sec 3.582, Tokens/sec 469.299, Trained Tokens 17264, Peak mem 1.981 GB
Iter 279: Train loss 0.021, Learning Rate 1.000e-04, It/sec 6.173, Tokens/sec 191.356, Trained Tokens 17295, Peak mem 1.981 GB
Iter 280: Train loss 0.046, Learning Rate 1.000e-04, It/sec 5.492, Tokens/sec 280.117, Trained Tokens 17346, Peak mem 1.981 GB
Iter 281: Train loss 0.063, Learning Rate 1.000e-04, It/sec 7.402, Tokens/sec 214.648, Trained Tokens 17375, Peak mem 1.981 GB
Iter 282: Train loss 0.009, Learning Rate 1.000e-04, It/sec 7.451, Tokens/sec 223.515, Trained Tokens 17405, Peak mem 1.981 GB
Iter 283: Train loss 0.038, Learning Rate 1.000e-04, It/sec 5.649, Tokens/sec 740.082, Trained Tokens 17536, Peak mem 1.981 GB
Iter 284: Train loss 0.013, Learning Rate 1.000e-04, It/sec 5.008, Tokens/sec 155.257, Trained Tokens 17567, Peak mem 1.981 GB
Iter 285: Train loss 0.045, Learning Rate 1.000e-04, It/sec 4.997, Tokens/sec 454.684, Trained Tokens 17658, Peak mem 1.981 GB
Iter 286: Train loss 0.030, Learning Rate 1.000e-04, It/sec 8.435, Tokens/sec 244.621, Trained Tokens 17687, Peak mem 1.981 GB
Iter 287: Train loss 0.053, Learning Rate 1.000e-04, It/sec 6.123, Tokens/sec 300.030, Trained Tokens 17736, Peak mem 1.981 GB
Iter 288: Train loss 0.042, Learning Rate 1.000e-04, It/sec 7.292, Tokens/sec 371.896, Trained Tokens 17787, Peak mem 1.981 GB
Iter 289: Train loss 0.005, Learning Rate 1.000e-04, It/sec 6.743, Tokens/sec 519.187, Trained Tokens 17864, Peak mem 1.981 GB
Iter 290: Train loss 0.129, Learning Rate 1.000e-04, It/sec 4.757, Tokens/sec 528.017, Trained Tokens 17975, Peak mem 1.981 GB
Iter 291: Train loss 0.091, Learning Rate 1.000e-04, It/sec 5.155, Tokens/sec 252.597, Trained Tokens 18024, Peak mem 1.981 GB
Iter 292: Train loss 0.043, Learning Rate 1.000e-04, It/sec 6.707, Tokens/sec 342.037, Trained Tokens 18075, Peak mem 1.981 GB
Iter 293: Train loss 0.057, Learning Rate 1.000e-04, It/sec 6.200, Tokens/sec 409.210, Trained Tokens 18141, Peak mem 1.981 GB
Iter 294: Train loss 0.003, Learning Rate 1.000e-04, It/sec 6.817, Tokens/sec 524.924, Trained Tokens 18218, Peak mem 1.981 GB
Iter 295: Train loss 0.100, Learning Rate 1.000e-04, It/sec 6.095, Tokens/sec 298.659, Trained Tokens 18267, Peak mem 1.981 GB
Iter 296: Train loss 0.016, Learning Rate 1.000e-04, It/sec 6.692, Tokens/sec 207.457, Trained Tokens 18298, Peak mem 1.981 GB
Iter 297: Train loss 0.002, Learning Rate 1.000e-04, It/sec 6.817, Tokens/sec 524.934, Trained Tokens 18375, Peak mem 1.981 GB
Iter 298: Train loss 0.045, Learning Rate 1.000e-04, It/sec 5.106, Tokens/sec 260.421, Trained Tokens 18426, Peak mem 1.981 GB
Iter 299: Train loss 0.048, Learning Rate 1.000e-04, It/sec 6.127, Tokens/sec 300.229, Trained Tokens 18475, Peak mem 1.981 GB
Iter 300: Train loss 0.046, Learning Rate 1.000e-04, It/sec 5.940, Tokens/sec 291.052, Trained Tokens 18524, Peak mem 1.981 GB
Iter 301: Train loss 0.071, Learning Rate 1.000e-04, It/sec 4.746, Tokens/sec 593.204, Trained Tokens 18649, Peak mem 1.981 GB
Iter 302: Train loss 0.025, Learning Rate 1.000e-04, It/sec 7.200, Tokens/sec 223.204, Trained Tokens 18680, Peak mem 1.981 GB
Iter 303: Train loss 0.019, Learning Rate 1.000e-04, It/sec 7.483, Tokens/sec 224.501, Trained Tokens 18710, Peak mem 1.981 GB
Iter 304: Train loss 0.001, Learning Rate 1.000e-04, It/sec 6.692, Tokens/sec 515.315, Trained Tokens 18787, Peak mem 1.981 GB
Iter 305: Train loss 0.070, Learning Rate 1.000e-04, It/sec 5.662, Tokens/sec 515.242, Trained Tokens 18878, Peak mem 1.981 GB
Iter 306: Train loss 0.025, Learning Rate 1.000e-04, It/sec 7.395, Tokens/sec 214.444, Trained Tokens 18907, Peak mem 1.981 GB
Iter 307: Train loss 0.123, Learning Rate 1.000e-04, It/sec 4.819, Tokens/sec 631.304, Trained Tokens 19038, Peak mem 1.981 GB
Iter 308: Train loss 0.015, Learning Rate 1.000e-04, It/sec 7.240, Tokens/sec 217.205, Trained Tokens 19068, Peak mem 1.981 GB
Iter 309: Train loss 0.016, Learning Rate 1.000e-04, It/sec 5.176, Tokens/sec 470.979, Trained Tokens 19159, Peak mem 1.981 GB
Iter 310: Train loss 0.001, Learning Rate 1.000e-04, It/sec 6.688, Tokens/sec 514.996, Trained Tokens 19236, Peak mem 1.981 GB
Iter 311: Train loss 0.098, Learning Rate 1.000e-04, It/sec 5.086, Tokens/sec 539.073, Trained Tokens 19342, Peak mem 1.981 GB
Iter 312: Train loss 0.001, Learning Rate 1.000e-04, It/sec 6.714, Tokens/sec 516.953, Trained Tokens 19419, Peak mem 1.981 GB
Iter 313: Train loss 0.053, Learning Rate 1.000e-04, It/sec 6.824, Tokens/sec 204.716, Trained Tokens 19449, Peak mem 1.981 GB
Iter 314: Train loss 0.082, Learning Rate 1.000e-04, It/sec 6.874, Tokens/sec 199.349, Trained Tokens 19478, Peak mem 1.981 GB
Iter 315: Train loss 0.015, Learning Rate 1.000e-04, It/sec 5.148, Tokens/sec 674.328, Trained Tokens 19609, Peak mem 1.981 GB
Iter 316: Train loss 0.016, Learning Rate 1.000e-04, It/sec 7.259, Tokens/sec 217.766, Trained Tokens 19639, Peak mem 1.981 GB
Iter 317: Train loss 0.014, Learning Rate 1.000e-04, It/sec 6.061, Tokens/sec 309.096, Trained Tokens 19690, Peak mem 1.981 GB
Iter 318: Train loss 0.011, Learning Rate 1.000e-04, It/sec 5.057, Tokens/sec 257.926, Trained Tokens 19741, Peak mem 1.981 GB
Iter 319: Train loss 0.006, Learning Rate 1.000e-04, It/sec 6.625, Tokens/sec 510.147, Trained Tokens 19818, Peak mem 1.981 GB
Iter 320: Train loss 0.023, Learning Rate 1.000e-04, It/sec 6.712, Tokens/sec 516.826, Trained Tokens 19895, Peak mem 1.981 GB
Iter 321: Train loss 0.018, Learning Rate 1.000e-04, It/sec 5.648, Tokens/sec 288.062, Trained Tokens 19946, Peak mem 1.981 GB
Iter 322: Train loss 0.030, Learning Rate 1.000e-04, It/sec 6.689, Tokens/sec 207.363, Trained Tokens 19977, Peak mem 1.981 GB
Iter 323: Train loss 0.050, Learning Rate 1.000e-04, It/sec 4.744, Tokens/sec 621.446, Trained Tokens 20108, Peak mem 1.981 GB
Iter 324: Train loss 0.009, Learning Rate 1.000e-04, It/sec 5.589, Tokens/sec 430.374, Trained Tokens 20185, Peak mem 1.981 GB
Iter 325: Train loss 0.023, Learning Rate 1.000e-04, It/sec 6.632, Tokens/sec 205.593, Trained Tokens 20216, Peak mem 1.981 GB
Iter 326: Train loss 0.001, Learning Rate 1.000e-04, It/sec 6.094, Tokens/sec 469.240, Trained Tokens 20293, Peak mem 1.981 GB
Iter 327: Train loss 0.038, Learning Rate 1.000e-04, It/sec 6.804, Tokens/sec 210.919, Trained Tokens 20324, Peak mem 1.981 GB
Iter 328: Train loss 0.002, Learning Rate 1.000e-04, It/sec 6.694, Tokens/sec 515.444, Trained Tokens 20401, Peak mem 1.981 GB
Iter 329: Train loss 0.110, Learning Rate 1.000e-04, It/sec 5.182, Tokens/sec 367.924, Trained Tokens 20472, Peak mem 1.981 GB
Iter 330: Train loss 0.067, Learning Rate 1.000e-04, It/sec 6.864, Tokens/sec 212.780, Trained Tokens 20503, Peak mem 1.981 GB
Iter 331: Train loss 0.043, Learning Rate 1.000e-04, It/sec 5.647, Tokens/sec 513.876, Trained Tokens 20594, Peak mem 1.981 GB
Iter 332: Train loss 0.026, Learning Rate 1.000e-04, It/sec 6.040, Tokens/sec 187.242, Trained Tokens 20625, Peak mem 1.981 GB
Iter 333: Train loss 0.009, Learning Rate 1.000e-04, It/sec 6.729, Tokens/sec 518.098, Trained Tokens 20702, Peak mem 1.981 GB
Iter 334: Train loss 0.018, Learning Rate 1.000e-04, It/sec 6.874, Tokens/sec 199.358, Trained Tokens 20731, Peak mem 1.981 GB
Iter 335: Train loss 0.007, Learning Rate 1.000e-04, It/sec 6.781, Tokens/sec 522.168, Trained Tokens 20808, Peak mem 1.981 GB
Iter 336: Train loss 0.077, Learning Rate 1.000e-04, It/sec 6.705, Tokens/sec 315.153, Trained Tokens 20855, Peak mem 1.981 GB
Iter 337: Train loss 0.002, Learning Rate 1.000e-04, It/sec 6.739, Tokens/sec 518.924, Trained Tokens 20932, Peak mem 1.981 GB
Iter 338: Train loss 0.064, Learning Rate 1.000e-04, It/sec 5.646, Tokens/sec 372.624, Trained Tokens 20998, Peak mem 1.981 GB
Iter 339: Train loss 0.010, Learning Rate 1.000e-04, It/sec 7.493, Tokens/sec 232.282, Trained Tokens 21029, Peak mem 1.981 GB
Iter 340: Train loss 0.054, Learning Rate 1.000e-04, It/sec 5.968, Tokens/sec 185.004, Trained Tokens 21060, Peak mem 1.981 GB
Iter 341: Train loss 0.088, Learning Rate 1.000e-04, It/sec 5.981, Tokens/sec 293.069, Trained Tokens 21109, Peak mem 1.981 GB
Iter 342: Train loss 0.066, Learning Rate 1.000e-04, It/sec 6.783, Tokens/sec 345.944, Trained Tokens 21160, Peak mem 1.981 GB
Iter 343: Train loss 0.071, Learning Rate 1.000e-04, It/sec 4.770, Tokens/sec 529.506, Trained Tokens 21271, Peak mem 1.981 GB
Iter 344: Train loss 0.074, Learning Rate 1.000e-04, It/sec 6.662, Tokens/sec 339.770, Trained Tokens 21322, Peak mem 1.981 GB
Iter 345: Train loss 0.066, Learning Rate 1.000e-04, It/sec 5.663, Tokens/sec 169.877, Trained Tokens 21352, Peak mem 1.981 GB
Iter 346: Train loss 0.007, Learning Rate 1.000e-04, It/sec 5.602, Tokens/sec 168.055, Trained Tokens 21382, Peak mem 1.981 GB
Iter 347: Train loss 0.015, Learning Rate 1.000e-04, It/sec 6.762, Tokens/sec 202.852, Trained Tokens 21412, Peak mem 1.981 GB
Iter 348: Train loss 0.003, Learning Rate 1.000e-04, It/sec 6.694, Tokens/sec 200.822, Trained Tokens 21442, Peak mem 1.981 GB
Iter 349: Train loss 0.060, Learning Rate 1.000e-04, It/sec 5.526, Tokens/sec 281.839, Trained Tokens 21493, Peak mem 1.981 GB
Iter 350: Train loss 0.019, Learning Rate 1.000e-04, It/sec 6.741, Tokens/sec 208.974, Trained Tokens 21524, Peak mem 1.981 GB
Iter 351: Train loss 0.016, Learning Rate 1.000e-04, It/sec 7.397, Tokens/sec 229.318, Trained Tokens 21555, Peak mem 1.981 GB
Iter 352: Train loss 0.142, Learning Rate 1.000e-04, It/sec 5.413, Tokens/sec 276.048, Trained Tokens 21606, Peak mem 1.981 GB
Iter 353: Train loss 0.008, Learning Rate 1.000e-04, It/sec 6.634, Tokens/sec 205.647, Trained Tokens 21637, Peak mem 1.981 GB
Iter 354: Train loss 0.043, Learning Rate 1.000e-04, It/sec 4.992, Tokens/sec 249.578, Trained Tokens 21687, Peak mem 1.981 GB
Iter 355: Train loss 0.076, Learning Rate 1.000e-04, It/sec 6.262, Tokens/sec 482.180, Trained Tokens 21764, Peak mem 1.981 GB
Iter 356: Train loss 0.011, Learning Rate 1.000e-04, It/sec 6.197, Tokens/sec 192.106, Trained Tokens 21795, Peak mem 1.981 GB
Iter 357: Train loss 0.007, Learning Rate 1.000e-04, It/sec 7.284, Tokens/sec 225.817, Trained Tokens 21826, Peak mem 1.981 GB
Iter 358: Train loss 0.040, Learning Rate 1.000e-04, It/sec 6.037, Tokens/sec 283.725, Trained Tokens 21873, Peak mem 1.981 GB
Iter 359: Train loss 0.016, Learning Rate 1.000e-04, It/sec 6.689, Tokens/sec 515.027, Trained Tokens 21950, Peak mem 1.981 GB

Calculating loss...:   0%|          | 0/1 [00:00<?, ?it/s]
Calculating loss...: 100%|██████████| 1/1 [00:00<00:00, 12.57it/s]
Iter 360: Val loss 0.006, Val took 0.082s
Iter 360: Train loss 0.151, Learning Rate 1.000e-04, It/sec 6.021, Tokens/sec 186.665, Trained Tokens 21981, Peak mem 1.981 GB
Iter 360: Saved adapter weights to artifacts/v2_curriculum_n120/adapter/adapters.safetensors and artifacts/v2_curriculum_n120/adapter/0000360_adapters.safetensors.
Saved final weights to artifacts/v2_curriculum_n120/adapter/adapters.safetensors.
